Feb  5 20:29:33 vishalrathi-VirtualBox rsyslogd: [origin software="rsyslogd" swVersion="7.4.4" x-pid="728" x-info="http://www.rsyslog.com"] start
Feb  5 20:29:33 vishalrathi-VirtualBox rsyslogd: rsyslogd's groupid changed to 104
Feb  5 20:29:33 vishalrathi-VirtualBox rsyslogd: rsyslogd's userid changed to 101
Feb  5 20:29:33 vishalrathi-VirtualBox rsyslogd-2039: Could no open output pipe '/dev/xconsole': No such file or directory [try http://www.rsyslog.com/e/2039 ]
Feb  5 20:29:33 vishalrathi-VirtualBox kernel: [    0.000000] Initializing cgroup subsys cpuset
Feb  5 20:29:33 vishalrathi-VirtualBox kernel: [    0.000000] Initializing cgroup subsys cpu
Feb  5 20:29:33 vishalrathi-VirtualBox kernel: [    0.000000] Initializing cgroup subsys cpuacct
Feb  5 20:29:33 vishalrathi-VirtualBox kernel: [    0.000000] Linux version 3.13.11-ckt30vkrathi (root@vishalrathi-VirtualBox) (gcc version 4.8.4 (Ubuntu 4.8.4-2ubuntu1~14.04) ) #1 SMP Sun Jan 17 22:53:41 EST 2016 (Ubuntu 3.13.0-74.118-generic 3.13.11-ckt30)
Feb  5 20:29:33 vishalrathi-VirtualBox kernel: [    0.000000] KERNEL supported cpus:
Feb  5 20:29:33 vishalrathi-VirtualBox kernel: [    0.000000]   Intel GenuineIntel
Feb  5 20:29:33 vishalrathi-VirtualBox kernel: [    0.000000]   AMD AuthenticAMD
Feb  5 20:29:33 vishalrathi-VirtualBox kernel: [    0.000000]   NSC Geode by NSC
Feb  5 20:29:33 vishalrathi-VirtualBox kernel: [    0.000000]   Cyrix CyrixInstead
Feb  5 20:29:33 vishalrathi-VirtualBox kernel: [    0.000000]   Centaur CentaurHauls
Feb  5 20:29:33 vishalrathi-VirtualBox kernel: [    0.000000]   Transmeta GenuineTMx86
Feb  5 20:29:33 vishalrathi-VirtualBox kernel: [    0.000000]   Transmeta TransmetaCPU
Feb  5 20:29:33 vishalrathi-VirtualBox kernel: [    0.000000]   UMC UMC UMC UMC
Feb  5 20:29:33 vishalrathi-VirtualBox kernel: [    0.000000] e820: BIOS-provided physical RAM map:
Feb  5 20:29:33 vishalrathi-VirtualBox kernel: [    0.000000] BIOS-e820: [mem 0x0000000000000000-0x000000000009fbff] usable
Feb  5 20:29:33 vishalrathi-VirtualBox kernel: [    0.000000] BIOS-e820: [mem 0x000000000009fc00-0x000000000009ffff] reserved
Feb  5 20:29:33 vishalrathi-VirtualBox kernel: [    0.000000] BIOS-e820: [mem 0x00000000000f0000-0x00000000000fffff] reserved
Feb  5 20:29:33 vishalrathi-VirtualBox kernel: [    0.000000] BIOS-e820: [mem 0x0000000000100000-0x00000000dffeffff] usable
Feb  5 20:29:33 vishalrathi-VirtualBox kernel: [    0.000000] BIOS-e820: [mem 0x00000000dfff0000-0x00000000dfffffff] ACPI data
Feb  5 20:29:33 vishalrathi-VirtualBox kernel: [    0.000000] BIOS-e820: [mem 0x00000000fffc0000-0x00000000ffffffff] reserved
Feb  5 20:29:33 vishalrathi-VirtualBox kernel: [    0.000000] BIOS-e820: [mem 0x0000000100000000-0x00000001dfffffff] usable
Feb  5 20:29:33 vishalrathi-VirtualBox kernel: [    0.000000] NX (Execute Disable) protection: active
Feb  5 20:29:33 vishalrathi-VirtualBox kernel: [    0.000000] SMBIOS 2.5 present.
Feb  5 20:29:33 vishalrathi-VirtualBox kernel: [    0.000000] DMI: innotek GmbH VirtualBox/VirtualBox, BIOS VirtualBox 12/01/2006
Feb  5 20:29:33 vishalrathi-VirtualBox kernel: [    0.000000] Hypervisor detected: KVM
Feb  5 20:29:33 vishalrathi-VirtualBox kernel: [    0.000000] e820: update [mem 0x00000000-0x00000fff] usable ==> reserved
Feb  5 20:29:33 vishalrathi-VirtualBox kernel: [    0.000000] e820: remove [mem 0x000a0000-0x000fffff] usable
Feb  5 20:29:33 vishalrathi-VirtualBox kernel: [    0.000000] e820: last_pfn = 0x1e0000 max_arch_pfn = 0x1000000
Feb  5 20:29:33 vishalrathi-VirtualBox kernel: [    0.000000] MTRR default type: uncachable
Feb  5 20:29:33 vishalrathi-VirtualBox kernel: [    0.000000] MTRR variable ranges disabled:
Feb  5 20:29:33 vishalrathi-VirtualBox kernel: [    0.000000] x86 PAT enabled: cpu 0, old 0x7040600070406, new 0x7010600070106
Feb  5 20:29:33 vishalrathi-VirtualBox kernel: [    0.000000] CPU MTRRs all blank - virtualized system.
Feb  5 20:29:33 vishalrathi-VirtualBox kernel: [    0.000000] found SMP MP-table at [mem 0x0009fff0-0x0009ffff] mapped at [c009fff0]
Feb  5 20:29:33 vishalrathi-VirtualBox kernel: [    0.000000] Scanning 1 areas for low memory corruption
Feb  5 20:29:33 vishalrathi-VirtualBox kernel: [    0.000000] initial memory mapped: [mem 0x00000000-0x01ffffff]
Feb  5 20:29:33 vishalrathi-VirtualBox kernel: [    0.000000] Base memory trampoline at [c009b000] 9b000 size 16384
Feb  5 20:29:33 vishalrathi-VirtualBox kernel: [    0.000000] init_memory_mapping: [mem 0x00000000-0x000fffff]
Feb  5 20:29:33 vishalrathi-VirtualBox kernel: [    0.000000]  [mem 0x00000000-0x000fffff] page 4k
Feb  5 20:29:33 vishalrathi-VirtualBox kernel: [    0.000000] init_memory_mapping: [mem 0x37800000-0x379fffff]
Feb  5 20:29:33 vishalrathi-VirtualBox kernel: [    0.000000]  [mem 0x37800000-0x379fffff] page 2M
Feb  5 20:29:33 vishalrathi-VirtualBox kernel: [    0.000000] init_memory_mapping: [mem 0x34000000-0x377fffff]
Feb  5 20:29:33 vishalrathi-VirtualBox kernel: [    0.000000]  [mem 0x34000000-0x377fffff] page 2M
Feb  5 20:29:33 vishalrathi-VirtualBox kernel: [    0.000000] init_memory_mapping: [mem 0x00100000-0x33ffffff]
Feb  5 20:29:33 vishalrathi-VirtualBox kernel: [    0.000000]  [mem 0x00100000-0x001fffff] page 4k
Feb  5 20:29:33 vishalrathi-VirtualBox kernel: [    0.000000]  [mem 0x00200000-0x33ffffff] page 2M
Feb  5 20:29:33 vishalrathi-VirtualBox kernel: [    0.000000] init_memory_mapping: [mem 0x37a00000-0x37bfdfff]
Feb  5 20:29:33 vishalrathi-VirtualBox kernel: [    0.000000]  [mem 0x37a00000-0x37bfdfff] page 4k
Feb  5 20:29:33 vishalrathi-VirtualBox kernel: [    0.000000] BRK [0x01b95000, 0x01b95fff] PGTABLE
Feb  5 20:29:33 vishalrathi-VirtualBox kernel: [    0.000000] RAMDISK: [mem 0x35b40000-0x36d97fff]
Feb  5 20:29:33 vishalrathi-VirtualBox kernel: [    0.000000] ACPI: RSDP 000e0000 000024 (v02 VBOX  )
Feb  5 20:29:33 vishalrathi-VirtualBox kernel: [    0.000000] ACPI: XSDT dfff0030 00003C (v01 VBOX   VBOXXSDT 00000001 ASL  00000061)
Feb  5 20:29:33 vishalrathi-VirtualBox kernel: [    0.000000] ACPI: FACP dfff00f0 0000F4 (v04 VBOX   VBOXFACP 00000001 ASL  00000061)
Feb  5 20:29:33 vishalrathi-VirtualBox kernel: [    0.000000] ACPI: DSDT dfff0470 001CEB (v01 VBOX   VBOXBIOS 00000002 INTL 20100528)
Feb  5 20:29:33 vishalrathi-VirtualBox kernel: [    0.000000] ACPI: FACS dfff0200 000040
Feb  5 20:29:33 vishalrathi-VirtualBox kernel: [    0.000000] ACPI: APIC dfff0240 000054 (v02 VBOX   VBOXAPIC 00000001 ASL  00000061)
Feb  5 20:29:33 vishalrathi-VirtualBox kernel: [    0.000000] ACPI: SSDT dfff02a0 0001CC (v01 VBOX   VBOXCPUT 00000002 INTL 20100528)
Feb  5 20:29:33 vishalrathi-VirtualBox kernel: [    0.000000] ACPI: Local APIC address 0xfee00000
Feb  5 20:29:33 vishalrathi-VirtualBox kernel: [    0.000000] 6788MB HIGHMEM available.
Feb  5 20:29:33 vishalrathi-VirtualBox kernel: [    0.000000] 891MB LOWMEM available.
Feb  5 20:29:33 vishalrathi-VirtualBox kernel: [    0.000000]   mapped low ram: 0 - 37bfe000
Feb  5 20:29:33 vishalrathi-VirtualBox kernel: [    0.000000]   low ram: 0 - 37bfe000
Feb  5 20:29:33 vishalrathi-VirtualBox kernel: [    0.000000] kvm-clock: Using msrs 4b564d01 and 4b564d00
Feb  5 20:29:33 vishalrathi-VirtualBox kernel: [    0.000000] kvm-clock: cpu 0, msr 0:37bfd001, boot clock
Feb  5 20:29:33 vishalrathi-VirtualBox kernel: [  749.027059] BRK [0x01b96000, 0x01b96fff] PGTABLE
Feb  5 20:29:33 vishalrathi-VirtualBox kernel: [  749.027064] Zone ranges:
Feb  5 20:29:33 vishalrathi-VirtualBox kernel: [  749.027065]   DMA      [mem 0x00001000-0x00ffffff]
Feb  5 20:29:33 vishalrathi-VirtualBox kernel: [  749.027067]   Normal   [mem 0x01000000-0x37bfdfff]
Feb  5 20:29:33 vishalrathi-VirtualBox kernel: [  749.027068]   HighMem  [mem 0x37bfe000-0xdfffffff]
Feb  5 20:29:33 vishalrathi-VirtualBox kernel: [  749.027069] Movable zone start for each node
Feb  5 20:29:33 vishalrathi-VirtualBox kernel: [  749.027070] Early memory node ranges
Feb  5 20:29:33 vishalrathi-VirtualBox kernel: [  749.027071]   node   0: [mem 0x00001000-0x0009efff]
Feb  5 20:29:33 vishalrathi-VirtualBox kernel: [  749.027072]   node   0: [mem 0x00100000-0xdffeffff]
Feb  5 20:29:33 vishalrathi-VirtualBox kernel: [  749.027073]   node   0: [mem 0x00000000-0xdfffffff]
Feb  5 20:29:33 vishalrathi-VirtualBox kernel: [  749.027074] On node 0 totalpages: 1834894
Feb  5 20:29:33 vishalrathi-VirtualBox kernel: [  749.034502] free_area_init_node: node 0, pgdat c199bb80, node_mem_map f1f40020
Feb  5 20:29:33 vishalrathi-VirtualBox kernel: [  749.034505]   DMA zone: 32 pages used for memmap
Feb  5 20:29:33 vishalrathi-VirtualBox kernel: [  749.034506]   DMA zone: 0 pages reserved
Feb  5 20:29:33 vishalrathi-VirtualBox kernel: [  749.034507]   DMA zone: 3998 pages, LIFO batch:0
Feb  5 20:29:33 vishalrathi-VirtualBox kernel: [  749.034553]   Normal zone: 1752 pages used for memmap
Feb  5 20:29:33 vishalrathi-VirtualBox kernel: [  749.034554]   Normal zone: 224254 pages, LIFO batch:31
Feb  5 20:29:33 vishalrathi-VirtualBox kernel: [  749.037038]   HighMem zone: 13577 pages used for memmap
Feb  5 20:29:33 vishalrathi-VirtualBox kernel: [  749.037041]   HighMem zone: 1606642 pages, LIFO batch:31
Feb  5 20:29:33 vishalrathi-VirtualBox kernel: [  749.055797] Using APIC driver default
Feb  5 20:29:33 vishalrathi-VirtualBox kernel: [  749.056132] ACPI: PM-Timer IO Port: 0x4008
Feb  5 20:29:33 vishalrathi-VirtualBox kernel: [  749.056134] ACPI: Local APIC address 0xfee00000
Feb  5 20:29:33 vishalrathi-VirtualBox kernel: [  749.056138] ACPI: LAPIC (acpi_id[0x00] lapic_id[0x00] enabled)
Feb  5 20:29:33 vishalrathi-VirtualBox kernel: [  749.056142] ACPI: IOAPIC (id[0x01] address[0xfec00000] gsi_base[0])
Feb  5 20:29:33 vishalrathi-VirtualBox kernel: [  749.056195] IOAPIC[0]: apic_id 1, version 17, address 0xfec00000, GSI 0-23
Feb  5 20:29:33 vishalrathi-VirtualBox kernel: [  749.056197] ACPI: INT_SRC_OVR (bus 0 bus_irq 0 global_irq 2 dfl dfl)
Feb  5 20:29:33 vishalrathi-VirtualBox kernel: [  749.056198] ACPI: INT_SRC_OVR (bus 0 bus_irq 9 global_irq 9 high level)
Feb  5 20:29:33 vishalrathi-VirtualBox kernel: [  749.056200] ACPI: IRQ0 used by override.
Feb  5 20:29:33 vishalrathi-VirtualBox kernel: [  749.056201] ACPI: IRQ2 used by override.
Feb  5 20:29:33 vishalrathi-VirtualBox kernel: [  749.056202] ACPI: IRQ9 used by override.
Feb  5 20:29:33 vishalrathi-VirtualBox kernel: [  749.056204] Using ACPI (MADT) for SMP configuration information
Feb  5 20:29:33 vishalrathi-VirtualBox kernel: [  749.056205] smpboot: Allowing 1 CPUs, 0 hotplug CPUs
Feb  5 20:29:33 vishalrathi-VirtualBox kernel: [  749.056214] nr_irqs_gsi: 40
Feb  5 20:29:33 vishalrathi-VirtualBox kernel: [  749.056227] PM: Registered nosave memory: [mem 0x0009f000-0x0009ffff]
Feb  5 20:29:33 vishalrathi-VirtualBox kernel: [  749.056228] PM: Registered nosave memory: [mem 0x000a0000-0x000effff]
Feb  5 20:29:33 vishalrathi-VirtualBox kernel: [  749.056229] PM: Registered nosave memory: [mem 0x000f0000-0x000fffff]
Feb  5 20:29:33 vishalrathi-VirtualBox kernel: [  749.056231] e820: [mem 0xe0000000-0xfffbffff] available for PCI devices
Feb  5 20:29:33 vishalrathi-VirtualBox kernel: [  749.056232] Booting paravirtualized kernel on KVM
Feb  5 20:29:33 vishalrathi-VirtualBox kernel: [  749.056237] setup_percpu: NR_CPUS:8 nr_cpumask_bits:8 nr_cpu_ids:1 nr_node_ids:1
Feb  5 20:29:33 vishalrathi-VirtualBox kernel: [  749.056251] PERCPU: Embedded 14 pages/cpu @f7bdd000 s35520 r0 d21824 u57344
Feb  5 20:29:33 vishalrathi-VirtualBox kernel: [  749.056255] pcpu-alloc: s35520 r0 d21824 u57344 alloc=14*4096
Feb  5 20:29:33 vishalrathi-VirtualBox kernel: [  749.056256] pcpu-alloc: [0] 0 
Feb  5 20:29:33 vishalrathi-VirtualBox kernel: [  749.056324] kvm-clock: cpu 0, msr 0:37bfd001, primary cpu clock
Feb  5 20:29:33 vishalrathi-VirtualBox kernel: [  749.056329] Built 1 zonelists in Zone order, mobility grouping on.  Total pages: 1833110
Feb  5 20:29:33 vishalrathi-VirtualBox kernel: [  749.056330] Kernel command line: BOOT_IMAGE=/vmlinuz-3.13.11-ckt30vkrathi root=/dev/mapper/ubuntu--vg-root ro quiet splash vt.handoff=7
Feb  5 20:29:33 vishalrathi-VirtualBox kernel: [  749.056698] PID hash table entries: 4096 (order: 2, 16384 bytes)
Feb  5 20:29:33 vishalrathi-VirtualBox kernel: [  749.056740] Dentry cache hash table entries: 131072 (order: 7, 524288 bytes)
Feb  5 20:29:33 vishalrathi-VirtualBox kernel: [  749.056862] Inode-cache hash table entries: 65536 (order: 6, 262144 bytes)
Feb  5 20:29:33 vishalrathi-VirtualBox kernel: [  749.056917] Initializing CPU#0
Feb  5 20:29:33 vishalrathi-VirtualBox kernel: [  749.056932] xsave: enabled xstate_bv 0x7, cntxt size 0x340
Feb  5 20:29:33 vishalrathi-VirtualBox kernel: [  749.059759] allocated 15728632 bytes of page_cgroup
Feb  5 20:29:33 vishalrathi-VirtualBox kernel: [  749.059761] please try 'cgroup_disable=memory' option if you don't want memory cgroups
Feb  5 20:29:33 vishalrathi-VirtualBox kernel: [  749.059766] Initializing HighMem for node 0 (00037bfe:001e0000)
Feb  5 20:29:33 vishalrathi-VirtualBox kernel: [  749.260022] Memory: 7231116K/7339576K available (6557K kernel code, 646K rwdata, 2744K rodata, 880K init, 924K bss, 108460K reserved, 6426568K highmem)
Feb  5 20:29:33 vishalrathi-VirtualBox kernel: [  749.260027] virtual kernel memory layout:
Feb  5 20:29:33 vishalrathi-VirtualBox kernel: [  749.260027]     fixmap  : 0xfff14000 - 0xfffff000   ( 940 kB)
Feb  5 20:29:33 vishalrathi-VirtualBox kernel: [  749.260027]     pkmap   : 0xffc00000 - 0xffe00000   (2048 kB)
Feb  5 20:29:33 vishalrathi-VirtualBox kernel: [  749.260027]     vmalloc : 0xf83fe000 - 0xffbfe000   ( 120 MB)
Feb  5 20:29:33 vishalrathi-VirtualBox kernel: [  749.260027]     lowmem  : 0xc0000000 - 0xf7bfe000   ( 891 MB)
Feb  5 20:29:33 vishalrathi-VirtualBox kernel: [  749.260027]       .init : 0xc19b9000 - 0xc1a95000   ( 880 kB)
Feb  5 20:29:33 vishalrathi-VirtualBox kernel: [  749.260027]       .data : 0xc1667a32 - 0xc19b8a40   (3396 kB)
Feb  5 20:29:33 vishalrathi-VirtualBox kernel: [  749.260027]       .text : 0xc1000000 - 0xc1667a32   (6558 kB)
Feb  5 20:29:33 vishalrathi-VirtualBox kernel: [  749.260031] Checking if this processor honours the WP bit even in supervisor mode...Ok.
Feb  5 20:29:33 vishalrathi-VirtualBox kernel: [  749.260374] SLUB: HWalign=64, Order=0-3, MinObjects=0, CPUs=1, Nodes=1
Feb  5 20:29:33 vishalrathi-VirtualBox kernel: [  749.260385] Hierarchical RCU implementation.
Feb  5 20:29:33 vishalrathi-VirtualBox kernel: [  749.260386] 	RCU dyntick-idle grace-period acceleration is enabled.
Feb  5 20:29:33 vishalrathi-VirtualBox kernel: [  749.260386] 	RCU restricting CPUs from NR_CPUS=8 to nr_cpu_ids=1.
Feb  5 20:29:33 vishalrathi-VirtualBox kernel: [  749.260390] NR_IRQS:2304 nr_irqs:256 16
Feb  5 20:29:33 vishalrathi-VirtualBox kernel: [  749.260706] CPU 0 irqstacks, hard=f7408000 soft=f740a000
Feb  5 20:29:33 vishalrathi-VirtualBox kernel: [  749.260784] Console: colour dummy device 80x25
Feb  5 20:29:33 vishalrathi-VirtualBox kernel: [  749.260827] console [tty0] enabled
Feb  5 20:29:33 vishalrathi-VirtualBox kernel: [  749.260871] tsc: Detected 2594.012 MHz processor
Feb  5 20:29:33 vishalrathi-VirtualBox kernel: [  749.260873] Calibrating delay loop (skipped) preset value.. 5188.02 BogoMIPS (lpj=10376048)
Feb  5 20:29:33 vishalrathi-VirtualBox kernel: [  749.260875] pid_max: default: 32768 minimum: 301
Feb  5 20:29:33 vishalrathi-VirtualBox kernel: [  749.260890] Security Framework initialized
Feb  5 20:29:33 vishalrathi-VirtualBox kernel: [  749.260900] AppArmor: AppArmor initialized
Feb  5 20:29:33 vishalrathi-VirtualBox kernel: [  749.260900] Yama: becoming mindful.
Feb  5 20:29:33 vishalrathi-VirtualBox kernel: [  749.260926] Mount-cache hash table entries: 2048 (order: 1, 8192 bytes)
Feb  5 20:29:33 vishalrathi-VirtualBox kernel: [  749.260927] Mountpoint-cache hash table entries: 2048 (order: 1, 8192 bytes)
Feb  5 20:29:33 vishalrathi-VirtualBox kernel: [  749.261039] Initializing cgroup subsys memory
Feb  5 20:29:33 vishalrathi-VirtualBox kernel: [  749.261042] Initializing cgroup subsys devices
Feb  5 20:29:33 vishalrathi-VirtualBox kernel: [  749.261044] Initializing cgroup subsys freezer
Feb  5 20:29:33 vishalrathi-VirtualBox kernel: [  749.261045] Initializing cgroup subsys blkio
Feb  5 20:29:33 vishalrathi-VirtualBox kernel: [  749.261046] Initializing cgroup subsys perf_event
Feb  5 20:29:33 vishalrathi-VirtualBox kernel: [  749.261048] Initializing cgroup subsys hugetlb
Feb  5 20:29:33 vishalrathi-VirtualBox kernel: [  749.261107] CPU: Physical Processor ID: 0
Feb  5 20:29:33 vishalrathi-VirtualBox kernel: [  749.262959] mce: CPU supports 0 MCE banks
Feb  5 20:29:33 vishalrathi-VirtualBox kernel: [  749.262976] process: using mwait in idle threads
Feb  5 20:29:33 vishalrathi-VirtualBox kernel: [  749.262982] Last level iTLB entries: 4KB 0, 2MB 0, 4MB 0
Feb  5 20:29:33 vishalrathi-VirtualBox kernel: [  749.262982] Last level dTLB entries: 4KB 64, 2MB 0, 4MB 0
Feb  5 20:29:33 vishalrathi-VirtualBox kernel: [  749.262982] tlb_flushall_shift: 6
Feb  5 20:29:33 vishalrathi-VirtualBox kernel: [  749.276998] Freeing SMP alternatives memory: 32K (c1a95000 - c1a9d000)
Feb  5 20:29:33 vishalrathi-VirtualBox kernel: [  749.280700] ACPI: Core revision 20131115
Feb  5 20:29:33 vishalrathi-VirtualBox kernel: [  749.281165] ACPI: All ACPI Tables successfully acquired
Feb  5 20:29:33 vishalrathi-VirtualBox kernel: [  749.281207] ftrace: allocating 27826 entries in 55 pages
Feb  5 20:29:33 vishalrathi-VirtualBox kernel: [  749.312588] Enabling APIC mode:  Flat.  Using 1 I/O APICs
Feb  5 20:29:33 vishalrathi-VirtualBox kernel: [  749.313851] ..TIMER: vector=0x30 apic1=0 pin1=2 apic2=-1 pin2=-1
Feb  5 20:29:33 vishalrathi-VirtualBox kernel: [  749.313852] smpboot: CPU0: Intel(R) Core(TM) i7-5600U CPU @ 2.60GHz (fam: 06, model: 3d, stepping: 04)
Feb  5 20:29:33 vishalrathi-VirtualBox kernel: [  749.417775] Performance Events: unsupported p6 CPU model 61 no PMU driver, software events only.
Feb  5 20:29:33 vishalrathi-VirtualBox kernel: [  749.423628] KVM setup paravirtual spinlock
Feb  5 20:29:33 vishalrathi-VirtualBox kernel: [  749.424639] x86: Booted up 1 node, 1 CPUs
Feb  5 20:29:33 vishalrathi-VirtualBox kernel: [  749.424641] smpboot: Total of 1 processors activated (5188.02 BogoMIPS)
Feb  5 20:29:33 vishalrathi-VirtualBox kernel: [  749.424895] NMI watchdog: disabled (cpu0): hardware events not enabled
Feb  5 20:29:33 vishalrathi-VirtualBox kernel: [  749.424956] devtmpfs: initialized
Feb  5 20:29:33 vishalrathi-VirtualBox kernel: [  749.425063] EVM: security.selinux
Feb  5 20:29:33 vishalrathi-VirtualBox kernel: [  749.425064] EVM: security.SMACK64
Feb  5 20:29:33 vishalrathi-VirtualBox kernel: [  749.425065] EVM: security.ima
Feb  5 20:29:33 vishalrathi-VirtualBox kernel: [  749.425066] EVM: security.capability
Feb  5 20:29:33 vishalrathi-VirtualBox kernel: [  749.425630] pinctrl core: initialized pinctrl subsystem
Feb  5 20:29:33 vishalrathi-VirtualBox kernel: [  749.425724] regulator-dummy: no parameters
Feb  5 20:29:33 vishalrathi-VirtualBox kernel: [  749.425751] RTC time:  1:29:12, date: 02/06/16
Feb  5 20:29:33 vishalrathi-VirtualBox kernel: [  749.425772] NET: Registered protocol family 16
Feb  5 20:29:33 vishalrathi-VirtualBox kernel: [  749.425854] EISA bus registered
Feb  5 20:29:33 vishalrathi-VirtualBox kernel: [  749.425856] cpuidle: using governor ladder
Feb  5 20:29:33 vishalrathi-VirtualBox kernel: [  749.425856] cpuidle: using governor menu
Feb  5 20:29:33 vishalrathi-VirtualBox kernel: [  749.425906] ACPI: bus type PCI registered
Feb  5 20:29:33 vishalrathi-VirtualBox kernel: [  749.425908] acpiphp: ACPI Hot Plug PCI Controller Driver version: 0.5
Feb  5 20:29:33 vishalrathi-VirtualBox kernel: [  749.425997] PCI : PCI BIOS area is rw and x. Use pci=nobios if you want it NX.
Feb  5 20:29:33 vishalrathi-VirtualBox kernel: [  749.425999] PCI: PCI BIOS revision 2.10 entry at 0xfda26, last bus=0
Feb  5 20:29:33 vishalrathi-VirtualBox kernel: [  749.425999] PCI: Using configuration type 1 for base access
Feb  5 20:29:33 vishalrathi-VirtualBox kernel: [  749.426545] bio: create slab <bio-0> at 0
Feb  5 20:29:33 vishalrathi-VirtualBox kernel: [  749.426607] ACPI: Added _OSI(Module Device)
Feb  5 20:29:33 vishalrathi-VirtualBox kernel: [  749.426608] ACPI: Added _OSI(Processor Device)
Feb  5 20:29:33 vishalrathi-VirtualBox kernel: [  749.426609] ACPI: Added _OSI(3.0 _SCP Extensions)
Feb  5 20:29:33 vishalrathi-VirtualBox kernel: [  749.426610] ACPI: Added _OSI(Processor Aggregator Device)
Feb  5 20:29:33 vishalrathi-VirtualBox kernel: [  749.427082] ACPI: Executed 1 blocks of module-level executable AML code
Feb  5 20:29:33 vishalrathi-VirtualBox kernel: [  749.428445] ACPI: Interpreter enabled
Feb  5 20:29:33 vishalrathi-VirtualBox kernel: [  749.428453] ACPI Exception: AE_NOT_FOUND, While evaluating Sleep State [\_S1_] (20131115/hwxface-580)
Feb  5 20:29:33 vishalrathi-VirtualBox kernel: [  749.428455] ACPI Exception: AE_NOT_FOUND, While evaluating Sleep State [\_S2_] (20131115/hwxface-580)
Feb  5 20:29:33 vishalrathi-VirtualBox kernel: [  749.428457] ACPI Exception: AE_NOT_FOUND, While evaluating Sleep State [\_S3_] (20131115/hwxface-580)
Feb  5 20:29:33 vishalrathi-VirtualBox kernel: [  749.428459] ACPI Exception: AE_NOT_FOUND, While evaluating Sleep State [\_S4_] (20131115/hwxface-580)
Feb  5 20:29:33 vishalrathi-VirtualBox kernel: [  749.428462] ACPI: (supports S0 S5)
Feb  5 20:29:33 vishalrathi-VirtualBox kernel: [  749.428463] ACPI: Using IOAPIC for interrupt routing
Feb  5 20:29:33 vishalrathi-VirtualBox kernel: [  749.428554] PCI: Ignoring host bridge windows from ACPI; if necessary, use "pci=use_crs" and report a bug
Feb  5 20:29:33 vishalrathi-VirtualBox kernel: [  749.428579] ACPI: No dock devices found.
Feb  5 20:29:33 vishalrathi-VirtualBox kernel: [  749.430101] ACPI: PCI Root Bridge [PCI0] (domain 0000 [bus 00-ff])
Feb  5 20:29:33 vishalrathi-VirtualBox kernel: [  749.430104] acpi PNP0A03:00: _OSC: OS supports [ASPM ClockPM Segments MSI]
Feb  5 20:29:33 vishalrathi-VirtualBox kernel: [  749.430107] acpi PNP0A03:00: _OSC failed (AE_NOT_FOUND); disabling ASPM
Feb  5 20:29:33 vishalrathi-VirtualBox kernel: [  749.430154] acpi PNP0A03:00: host bridge window [io  0x0000-0x0cf7] (ignored)
Feb  5 20:29:33 vishalrathi-VirtualBox kernel: [  749.430155] acpi PNP0A03:00: host bridge window [io  0x0d00-0xffff] (ignored)
Feb  5 20:29:33 vishalrathi-VirtualBox kernel: [  749.430174] acpi PNP0A03:00: host bridge window [mem 0x000a0000-0x000bffff] (ignored)
Feb  5 20:29:33 vishalrathi-VirtualBox kernel: [  749.430175] acpi PNP0A03:00: host bridge window [mem 0xe0000000-0xffdfffff] (ignored)
Feb  5 20:29:33 vishalrathi-VirtualBox kernel: [  749.430177] PCI: root bus 00: using default resources
Feb  5 20:29:33 vishalrathi-VirtualBox kernel: [  749.430178] acpi PNP0A03:00: fail to add MMCONFIG information, can't access extended PCI configuration space under this bridge.
Feb  5 20:29:33 vishalrathi-VirtualBox kernel: [  749.430326] PCI host bridge to bus 0000:00
Feb  5 20:29:33 vishalrathi-VirtualBox kernel: [  749.430328] pci_bus 0000:00: root bus resource [bus 00-ff]
Feb  5 20:29:33 vishalrathi-VirtualBox kernel: [  749.430329] pci_bus 0000:00: root bus resource [io  0x0000-0xffff]
Feb  5 20:29:33 vishalrathi-VirtualBox kernel: [  749.430330] pci_bus 0000:00: root bus resource [mem 0x00000000-0x7fffffffff]
Feb  5 20:29:33 vishalrathi-VirtualBox kernel: [  749.430360] pci 0000:00:00.0: [8086:1237] type 00 class 0x060000
Feb  5 20:29:33 vishalrathi-VirtualBox kernel: [  749.430746] pci 0000:00:01.0: [8086:7000] type 00 class 0x060100
Feb  5 20:29:33 vishalrathi-VirtualBox kernel: [  749.431215] pci 0000:00:01.1: [8086:7111] type 00 class 0x01018a
Feb  5 20:29:33 vishalrathi-VirtualBox kernel: [  749.431597] pci 0000:00:01.1: reg 0x20: [io  0xd000-0xd00f]
Feb  5 20:29:33 vishalrathi-VirtualBox kernel: [  749.431900] pci 0000:00:02.0: [80ee:beef] type 00 class 0x030000
Feb  5 20:29:33 vishalrathi-VirtualBox kernel: [  749.437386] pci 0000:00:02.0: reg 0x10: [mem 0xe0000000-0xe0ffffff pref]
Feb  5 20:29:33 vishalrathi-VirtualBox kernel: [  749.473398] pci 0000:00:03.0: [8086:100e] type 00 class 0x020000
Feb  5 20:29:33 vishalrathi-VirtualBox kernel: [  749.479687] pci 0000:00:03.0: reg 0x10: [mem 0xf0000000-0xf001ffff]
Feb  5 20:29:33 vishalrathi-VirtualBox kernel: [  749.490965] pci 0000:00:03.0: reg 0x18: [io  0xd010-0xd017]
Feb  5 20:29:33 vishalrathi-VirtualBox kernel: [  749.513734] pci 0000:00:04.0: [80ee:cafe] type 00 class 0x088000
Feb  5 20:29:33 vishalrathi-VirtualBox kernel: [  749.519248] pci 0000:00:04.0: reg 0x10: [io  0xd020-0xd03f]
Feb  5 20:29:33 vishalrathi-VirtualBox kernel: [  749.524796] pci 0000:00:04.0: reg 0x14: [mem 0xf0400000-0xf07fffff]
Feb  5 20:29:33 vishalrathi-VirtualBox kernel: [  749.530273] pci 0000:00:04.0: reg 0x18: [mem 0xf0800000-0xf0803fff pref]
Feb  5 20:29:33 vishalrathi-VirtualBox kernel: [  749.552471] pci 0000:00:05.0: [8086:2415] type 00 class 0x040100
Feb  5 20:29:33 vishalrathi-VirtualBox kernel: [  749.552548] pci 0000:00:05.0: reg 0x10: [io  0xd100-0xd1ff]
Feb  5 20:29:33 vishalrathi-VirtualBox kernel: [  749.552600] pci 0000:00:05.0: reg 0x14: [io  0xd200-0xd23f]
Feb  5 20:29:33 vishalrathi-VirtualBox kernel: [  749.553022] pci 0000:00:06.0: [106b:003f] type 00 class 0x0c0310
Feb  5 20:29:33 vishalrathi-VirtualBox kernel: [  749.558639] pci 0000:00:06.0: reg 0x10: [mem 0xf0804000-0xf0804fff]
Feb  5 20:29:33 vishalrathi-VirtualBox kernel: [  749.591883] pci 0000:00:07.0: [8086:7113] type 00 class 0x068000
Feb  5 20:29:33 vishalrathi-VirtualBox kernel: [  749.592492] pci 0000:00:0d.0: [8086:2829] type 00 class 0x010601
Feb  5 20:29:33 vishalrathi-VirtualBox kernel: [  749.598074] pci 0000:00:0d.0: reg 0x10: [io  0xd240-0xd247]
Feb  5 20:29:33 vishalrathi-VirtualBox kernel: [  749.609062] pci 0000:00:0d.0: reg 0x18: [io  0xd250-0xd257]
Feb  5 20:29:33 vishalrathi-VirtualBox kernel: [  749.620101] pci 0000:00:0d.0: reg 0x20: [io  0xd260-0xd26f]
Feb  5 20:29:33 vishalrathi-VirtualBox kernel: [  749.625768] pci 0000:00:0d.0: reg 0x24: [mem 0xf0806000-0xf0807fff]
Feb  5 20:29:33 vishalrathi-VirtualBox kernel: [  749.631595] pci_bus 0000:00: on NUMA node 0
Feb  5 20:29:33 vishalrathi-VirtualBox kernel: [  749.632100] ACPI: PCI Interrupt Link [LNKA] (IRQs 5 9 10 *11)
Feb  5 20:29:33 vishalrathi-VirtualBox kernel: [  749.632251] ACPI: PCI Interrupt Link [LNKB] (IRQs 5 9 10 *11)
Feb  5 20:29:33 vishalrathi-VirtualBox kernel: [  749.632304] ACPI: PCI Interrupt Link [LNKC] (IRQs 5 9 *10 11)
Feb  5 20:29:33 vishalrathi-VirtualBox kernel: [  749.632356] ACPI: PCI Interrupt Link [LNKD] (IRQs 5 *9 10 11)
Feb  5 20:29:33 vishalrathi-VirtualBox kernel: [  749.632443] ACPI: Enabled 2 GPEs in block 00 to 07
Feb  5 20:29:33 vishalrathi-VirtualBox kernel: [  749.632447] ACPI: \_SB_.PCI0: notify handler is installed
Feb  5 20:29:33 vishalrathi-VirtualBox kernel: [  749.632454] Found 1 acpi root devices
Feb  5 20:29:33 vishalrathi-VirtualBox kernel: [  749.632538] vgaarb: setting as boot device: PCI:0000:00:02.0
Feb  5 20:29:33 vishalrathi-VirtualBox kernel: [  749.632539] vgaarb: device added: PCI:0000:00:02.0,decodes=io+mem,owns=io+mem,locks=none
Feb  5 20:29:33 vishalrathi-VirtualBox kernel: [  749.632540] vgaarb: loaded
Feb  5 20:29:33 vishalrathi-VirtualBox kernel: [  749.632541] vgaarb: bridge control possible 0000:00:02.0
Feb  5 20:29:33 vishalrathi-VirtualBox kernel: [  749.632660] SCSI subsystem initialized
Feb  5 20:29:33 vishalrathi-VirtualBox kernel: [  749.632711] libata version 3.00 loaded.
Feb  5 20:29:33 vishalrathi-VirtualBox kernel: [  749.632732] ACPI: bus type USB registered
Feb  5 20:29:33 vishalrathi-VirtualBox kernel: [  749.632744] usbcore: registered new interface driver usbfs
Feb  5 20:29:33 vishalrathi-VirtualBox kernel: [  749.632749] usbcore: registered new interface driver hub
Feb  5 20:29:33 vishalrathi-VirtualBox kernel: [  749.632759] usbcore: registered new device driver usb
Feb  5 20:29:33 vishalrathi-VirtualBox kernel: [  749.632808] PCI: Using ACPI for IRQ routing
Feb  5 20:29:33 vishalrathi-VirtualBox kernel: [  749.632809] PCI: pci_cache_line_size set to 64 bytes
Feb  5 20:29:33 vishalrathi-VirtualBox kernel: [  749.632946] e820: reserve RAM buffer [mem 0x0009fc00-0x0009ffff]
Feb  5 20:29:33 vishalrathi-VirtualBox kernel: [  749.632948] e820: reserve RAM buffer [mem 0xdfff0000-0xdfffffff]
Feb  5 20:29:33 vishalrathi-VirtualBox kernel: [  749.632997] NetLabel: Initializing
Feb  5 20:29:33 vishalrathi-VirtualBox kernel: [  749.632998] NetLabel:  domain hash size = 128
Feb  5 20:29:33 vishalrathi-VirtualBox kernel: [  749.632999] NetLabel:  protocols = UNLABELED CIPSOv4
Feb  5 20:29:33 vishalrathi-VirtualBox kernel: [  749.633007] NetLabel:  unlabeled traffic allowed by default
Feb  5 20:29:33 vishalrathi-VirtualBox kernel: [  749.633079] Switched to clocksource kvm-clock
Feb  5 20:29:33 vishalrathi-VirtualBox kernel: [  749.636901] AppArmor: AppArmor Filesystem Enabled
Feb  5 20:29:33 vishalrathi-VirtualBox kernel: [  749.636916] pnp: PnP ACPI init
Feb  5 20:29:33 vishalrathi-VirtualBox kernel: [  749.636924] ACPI: bus type PNP registered
Feb  5 20:29:33 vishalrathi-VirtualBox kernel: [  749.636980] pnp 00:00: Plug and Play ACPI device, IDs PNP0303 (active)
Feb  5 20:29:33 vishalrathi-VirtualBox kernel: [  749.636985] pnp 00:01: [dma 4]
Feb  5 20:29:33 vishalrathi-VirtualBox kernel: [  749.636993] pnp 00:01: Plug and Play ACPI device, IDs PNP0200 (active)
Feb  5 20:29:33 vishalrathi-VirtualBox kernel: [  749.637046] pnp 00:02: Plug and Play ACPI device, IDs PNP0f03 (active)
Feb  5 20:29:33 vishalrathi-VirtualBox kernel: [  749.637417] pnp: PnP ACPI: found 3 devices
Feb  5 20:29:33 vishalrathi-VirtualBox kernel: [  749.637418] ACPI: bus type PNP unregistered
Feb  5 20:29:33 vishalrathi-VirtualBox kernel: [  749.637420] PnPBIOS: Disabled by ACPI PNP
Feb  5 20:29:33 vishalrathi-VirtualBox kernel: [  749.672593] pci_bus 0000:00: resource 4 [io  0x0000-0xffff]
Feb  5 20:29:33 vishalrathi-VirtualBox kernel: [  749.672595] pci_bus 0000:00: resource 5 [mem 0x00000000-0x7fffffffff]
Feb  5 20:29:33 vishalrathi-VirtualBox kernel: [  749.672616] NET: Registered protocol family 2
Feb  5 20:29:33 vishalrathi-VirtualBox kernel: [  749.672773] TCP established hash table entries: 8192 (order: 3, 32768 bytes)
Feb  5 20:29:33 vishalrathi-VirtualBox kernel: [  749.672783] TCP bind hash table entries: 8192 (order: 4, 65536 bytes)
Feb  5 20:29:33 vishalrathi-VirtualBox kernel: [  749.672795] TCP: Hash tables configured (established 8192 bind 8192)
Feb  5 20:29:33 vishalrathi-VirtualBox kernel: [  749.672806] TCP: reno registered
Feb  5 20:29:33 vishalrathi-VirtualBox kernel: [  749.672807] UDP hash table entries: 512 (order: 2, 16384 bytes)
Feb  5 20:29:33 vishalrathi-VirtualBox kernel: [  749.672810] UDP-Lite hash table entries: 512 (order: 2, 16384 bytes)
Feb  5 20:29:33 vishalrathi-VirtualBox kernel: [  749.672833] NET: Registered protocol family 1
Feb  5 20:29:33 vishalrathi-VirtualBox kernel: [  749.672839] pci 0000:00:00.0: Limiting direct PCI/PCI transfers
Feb  5 20:29:33 vishalrathi-VirtualBox kernel: [  749.672859] pci 0000:00:01.0: Activating ISA DMA hang workarounds
Feb  5 20:29:33 vishalrathi-VirtualBox kernel: [  749.672881] pci 0000:00:02.0: Video device with shadowed ROM
Feb  5 20:29:33 vishalrathi-VirtualBox kernel: [  749.673620] PCI: CLS 0 bytes, default 64
Feb  5 20:29:33 vishalrathi-VirtualBox kernel: [  749.673958] Trying to unpack rootfs image as initramfs...
Feb  5 20:29:33 vishalrathi-VirtualBox kernel: [  749.926190] Freeing initrd memory: 18784K (f5b40000 - f6d98000)
Feb  5 20:29:33 vishalrathi-VirtualBox kernel: [  749.926351] platform rtc_cmos: registered platform RTC device (no PNP device found)
Feb  5 20:29:33 vishalrathi-VirtualBox kernel: [  749.926390] microcode: CPU0 sig=0x306d4, pf=0x40, revision=0x0
Feb  5 20:29:33 vishalrathi-VirtualBox kernel: [  749.926415] microcode: Microcode Update Driver: v2.00 <tigran@aivazian.fsnet.co.uk>, Peter Oruba
Feb  5 20:29:33 vishalrathi-VirtualBox kernel: [  749.926416] Scanning for low memory corruption every 60 seconds
Feb  5 20:29:33 vishalrathi-VirtualBox kernel: [  749.926546] Initialise system trusted keyring
Feb  5 20:29:33 vishalrathi-VirtualBox kernel: [  749.926575] audit: initializing netlink socket (disabled)
Feb  5 20:29:33 vishalrathi-VirtualBox kernel: [  749.926581] type=2000 audit(1454722903.171:1): initialized
Feb  5 20:29:33 vishalrathi-VirtualBox kernel: [  749.943627] bounce pool size: 64 pages
Feb  5 20:29:33 vishalrathi-VirtualBox kernel: [  749.943637] HugeTLB registered 2 MB page size, pre-allocated 0 pages
Feb  5 20:29:33 vishalrathi-VirtualBox kernel: [  749.944425] zbud: loaded
Feb  5 20:29:33 vishalrathi-VirtualBox kernel: [  749.944464] VFS: Disk quotas dquot_6.5.2
Feb  5 20:29:33 vishalrathi-VirtualBox kernel: [  749.944490] Dquot-cache hash table entries: 1024 (order 0, 4096 bytes)
Feb  5 20:29:33 vishalrathi-VirtualBox kernel: [  749.944737] fuse init (API version 7.22)
Feb  5 20:29:33 vishalrathi-VirtualBox kernel: [  749.944779] msgmni has been set to 1608
Feb  5 20:29:33 vishalrathi-VirtualBox kernel: [  749.944812] Key type big_key registered
Feb  5 20:29:33 vishalrathi-VirtualBox kernel: [  749.944916] Key type asymmetric registered
Feb  5 20:29:33 vishalrathi-VirtualBox kernel: [  749.944917] Asymmetric key parser 'x509' registered
Feb  5 20:29:33 vishalrathi-VirtualBox kernel: [  749.944935] Block layer SCSI generic (bsg) driver version 0.4 loaded (major 252)
Feb  5 20:29:33 vishalrathi-VirtualBox kernel: [  749.944946] io scheduler noop registered
Feb  5 20:29:33 vishalrathi-VirtualBox kernel: [  749.944947] io scheduler deadline registered (default)
Feb  5 20:29:33 vishalrathi-VirtualBox kernel: [  749.944962] io scheduler cfq registered
Feb  5 20:29:33 vishalrathi-VirtualBox kernel: [  749.945007] pci_hotplug: PCI Hot Plug PCI Core version: 0.5
Feb  5 20:29:33 vishalrathi-VirtualBox kernel: [  749.945016] pciehp: PCI Express Hot Plug Controller Driver version: 0.4
Feb  5 20:29:33 vishalrathi-VirtualBox kernel: [  749.945040] vesafb: mode is 640x480x32, linelength=2560, pages=0
Feb  5 20:29:33 vishalrathi-VirtualBox kernel: [  749.945041] vesafb: scrolling: redraw
Feb  5 20:29:33 vishalrathi-VirtualBox kernel: [  749.945042] vesafb: Truecolor: size=8:8:8:8, shift=24:16:8:0
Feb  5 20:29:33 vishalrathi-VirtualBox kernel: [  749.945048] mtrr: your processor doesn't support write-combining
Feb  5 20:29:33 vishalrathi-VirtualBox kernel: [  749.945080] vesafb: framebuffer at 0xe0000000, mapped to 0xf8480000, using 1216k, total 1216k
Feb  5 20:29:33 vishalrathi-VirtualBox kernel: [  749.946600] Console: switching to colour frame buffer device 80x30
Feb  5 20:29:33 vishalrathi-VirtualBox kernel: [  749.947418] fb0: VESA VGA frame buffer device
Feb  5 20:29:33 vishalrathi-VirtualBox kernel: [  749.947433] intel_idle: does not run on family 6 model 61
Feb  5 20:29:33 vishalrathi-VirtualBox kernel: [  749.947437] ipmi message handler version 39.2
Feb  5 20:29:33 vishalrathi-VirtualBox kernel: [  749.947486] ACPI: Deprecated procfs I/F for AC is loaded, please retry with CONFIG_ACPI_PROCFS_POWER cleared
Feb  5 20:29:33 vishalrathi-VirtualBox kernel: [  749.947531] ACPI: AC Adapter [AC] (off-line)
Feb  5 20:29:33 vishalrathi-VirtualBox kernel: [  749.947613] input: Power Button as /devices/LNXSYSTM:00/LNXPWRBN:00/input/input0
Feb  5 20:29:33 vishalrathi-VirtualBox kernel: [  749.947617] ACPI: Power Button [PWRF]
Feb  5 20:29:33 vishalrathi-VirtualBox kernel: [  749.947665] input: Sleep Button as /devices/LNXSYSTM:00/LNXSLPBN:00/input/input1
Feb  5 20:29:33 vishalrathi-VirtualBox kernel: [  749.947667] ACPI: Sleep Button [SLPF]
Feb  5 20:29:33 vishalrathi-VirtualBox kernel: [  749.947747] GHES: HEST is not enabled!
Feb  5 20:29:33 vishalrathi-VirtualBox kernel: [  749.947794] Serial: 8250/16550 driver, 32 ports, IRQ sharing enabled
Feb  5 20:29:33 vishalrathi-VirtualBox kernel: [  749.948453] Linux agpgart interface v0.103
Feb  5 20:29:33 vishalrathi-VirtualBox kernel: [  749.949175] brd: module loaded
Feb  5 20:29:33 vishalrathi-VirtualBox kernel: [  749.949568] loop: module loaded
Feb  5 20:29:33 vishalrathi-VirtualBox kernel: [  749.949629] ata_piix 0000:00:01.1: version 2.13
Feb  5 20:29:33 vishalrathi-VirtualBox kernel: [  749.950360] ACPI: Deprecated procfs I/F for battery is loaded, please retry with CONFIG_ACPI_PROCFS_POWER cleared
Feb  5 20:29:33 vishalrathi-VirtualBox kernel: [  749.950364] ACPI: Battery Slot [BAT0] (battery present)
Feb  5 20:29:33 vishalrathi-VirtualBox kernel: [  749.950374] isapnp: Scanning for PnP cards...
Feb  5 20:29:33 vishalrathi-VirtualBox kernel: [  749.999644] scsi0 : ata_piix
Feb  5 20:29:33 vishalrathi-VirtualBox kernel: [  750.043277] scsi1 : ata_piix
Feb  5 20:29:33 vishalrathi-VirtualBox kernel: [  750.043299] ata1: PATA max UDMA/33 cmd 0x1f0 ctl 0x3f6 bmdma 0xd000 irq 14
Feb  5 20:29:33 vishalrathi-VirtualBox kernel: [  750.043300] ata2: PATA max UDMA/33 cmd 0x170 ctl 0x376 bmdma 0xd008 irq 15
Feb  5 20:29:33 vishalrathi-VirtualBox kernel: [  750.043452] libphy: Fixed MDIO Bus: probed
Feb  5 20:29:33 vishalrathi-VirtualBox kernel: [  750.043502] tun: Universal TUN/TAP device driver, 1.6
Feb  5 20:29:33 vishalrathi-VirtualBox kernel: [  750.043502] tun: (C) 1999-2004 Max Krasnyansky <maxk@qualcomm.com>
Feb  5 20:29:33 vishalrathi-VirtualBox kernel: [  750.043540] PPP generic driver version 2.4.2
Feb  5 20:29:33 vishalrathi-VirtualBox kernel: [  750.043562] ehci_hcd: USB 2.0 'Enhanced' Host Controller (EHCI) Driver
Feb  5 20:29:33 vishalrathi-VirtualBox kernel: [  750.043565] ehci-pci: EHCI PCI platform driver
Feb  5 20:29:33 vishalrathi-VirtualBox kernel: [  750.043573] ehci-platform: EHCI generic platform driver
Feb  5 20:29:33 vishalrathi-VirtualBox kernel: [  750.043577] ohci_hcd: USB 1.1 'Open' Host Controller (OHCI) Driver
Feb  5 20:29:33 vishalrathi-VirtualBox kernel: [  750.043578] ohci-pci: OHCI PCI platform driver
Feb  5 20:29:33 vishalrathi-VirtualBox kernel: [  750.043929] ohci-pci 0000:00:06.0: OHCI PCI host controller
Feb  5 20:29:33 vishalrathi-VirtualBox kernel: [  750.043933] ohci-pci 0000:00:06.0: new USB bus registered, assigned bus number 1
Feb  5 20:29:33 vishalrathi-VirtualBox kernel: [  750.043980] ohci-pci 0000:00:06.0: irq 22, io mem 0xf0804000
Feb  5 20:29:33 vishalrathi-VirtualBox kernel: [  750.220410] ata2.00: ATAPI: VBOX CD-ROM, 1.0, max UDMA/133
Feb  5 20:29:33 vishalrathi-VirtualBox kernel: [  750.220715] ata2.00: configured for UDMA/33
Feb  5 20:29:33 vishalrathi-VirtualBox kernel: [  750.264365] isapnp: No Plug & Play device found
Feb  5 20:29:33 vishalrathi-VirtualBox kernel: [  750.264571] usb usb1: New USB device found, idVendor=1d6b, idProduct=0001
Feb  5 20:29:33 vishalrathi-VirtualBox kernel: [  750.264573] usb usb1: New USB device strings: Mfr=3, Product=2, SerialNumber=1
Feb  5 20:29:33 vishalrathi-VirtualBox kernel: [  750.264575] usb usb1: Product: OHCI PCI host controller
Feb  5 20:29:33 vishalrathi-VirtualBox kernel: [  750.264576] usb usb1: Manufacturer: Linux 3.13.11-ckt30vkrathi ohci_hcd
Feb  5 20:29:33 vishalrathi-VirtualBox kernel: [  750.264577] usb usb1: SerialNumber: 0000:00:06.0
Feb  5 20:29:33 vishalrathi-VirtualBox kernel: [  750.264647] hub 1-0:1.0: USB hub found
Feb  5 20:29:33 vishalrathi-VirtualBox kernel: [  750.264660] hub 1-0:1.0: 12 ports detected
Feb  5 20:29:33 vishalrathi-VirtualBox kernel: [  750.264840] scsi 1:0:0:0: CD-ROM            VBOX     CD-ROM           1.0  PQ: 0 ANSI: 5
Feb  5 20:29:33 vishalrathi-VirtualBox kernel: [  750.265251] ohci-platform: OHCI generic platform driver
Feb  5 20:29:33 vishalrathi-VirtualBox kernel: [  750.265295] uhci_hcd: USB Universal Host Controller Interface driver
Feb  5 20:29:33 vishalrathi-VirtualBox kernel: [  750.265345] i8042: PNP: PS/2 Controller [PNP0303:PS2K,PNP0f03:PS2M] at 0x60,0x64 irq 1,12
Feb  5 20:29:33 vishalrathi-VirtualBox kernel: [  750.265802] serio: i8042 KBD port at 0x60,0x64 irq 1
Feb  5 20:29:33 vishalrathi-VirtualBox kernel: [  750.265808] serio: i8042 AUX port at 0x60,0x64 irq 12
Feb  5 20:29:33 vishalrathi-VirtualBox kernel: [  750.265871] mousedev: PS/2 mouse device common for all mice
Feb  5 20:29:33 vishalrathi-VirtualBox kernel: [  750.266102] input: AT Translated Set 2 keyboard as /devices/platform/i8042/serio0/input/input2
Feb  5 20:29:33 vishalrathi-VirtualBox kernel: [  750.266415] rtc_cmos rtc_cmos: rtc core: registered rtc_cmos as rtc0
Feb  5 20:29:33 vishalrathi-VirtualBox kernel: [  750.266468] rtc_cmos rtc_cmos: alarms up to one day, 114 bytes nvram
Feb  5 20:29:33 vishalrathi-VirtualBox kernel: [  750.266514] device-mapper: uevent: version 1.0.3
Feb  5 20:29:33 vishalrathi-VirtualBox kernel: [  750.266551] device-mapper: ioctl: 4.27.0-ioctl (2013-10-30) initialised: dm-devel@redhat.com
Feb  5 20:29:33 vishalrathi-VirtualBox kernel: [  750.266570] platform eisa.0: Probing EISA bus 0
Feb  5 20:29:33 vishalrathi-VirtualBox kernel: [  750.266584] platform eisa.0: Cannot allocate resource for EISA slot 4
Feb  5 20:29:33 vishalrathi-VirtualBox kernel: [  750.266597] platform eisa.0: EISA: Detected 0 cards
Feb  5 20:29:33 vishalrathi-VirtualBox kernel: [  750.266600] cpufreq-nforce2: No nForce2 chipset.
Feb  5 20:29:33 vishalrathi-VirtualBox kernel: [  750.266601] ledtrig-cpu: registered to indicate activity on CPUs
Feb  5 20:29:33 vishalrathi-VirtualBox kernel: [  750.266700] TCP: cubic registered
Feb  5 20:29:33 vishalrathi-VirtualBox kernel: [  750.266753] NET: Registered protocol family 10
Feb  5 20:29:33 vishalrathi-VirtualBox kernel: [  750.266897] NET: Registered protocol family 17
Feb  5 20:29:33 vishalrathi-VirtualBox kernel: [  750.266906] Key type dns_resolver registered
Feb  5 20:29:33 vishalrathi-VirtualBox kernel: [  750.266986] Using IPI No-Shortcut mode
Feb  5 20:29:33 vishalrathi-VirtualBox kernel: [  750.267018] Loading compiled-in X.509 certificates
Feb  5 20:29:33 vishalrathi-VirtualBox kernel: [  750.269145] Loaded X.509 cert 'Magrathea: Glacier signing key: f08094252dd53c783ceecd92663a8af9112a2194'
Feb  5 20:29:33 vishalrathi-VirtualBox kernel: [  750.269155] registered taskstats version 1
Feb  5 20:29:33 vishalrathi-VirtualBox kernel: [  750.270739] Key type trusted registered
Feb  5 20:29:33 vishalrathi-VirtualBox kernel: [  750.273629] Key type encrypted registered
Feb  5 20:29:33 vishalrathi-VirtualBox kernel: [  750.273632] AppArmor: AppArmor sha1 policy hashing enabled
Feb  5 20:29:33 vishalrathi-VirtualBox kernel: [  750.273633] IMA: No TPM chip found, activating TPM-bypass!
Feb  5 20:29:33 vishalrathi-VirtualBox kernel: [  750.273910] regulator-dummy: disabling
Feb  5 20:29:33 vishalrathi-VirtualBox kernel: [  750.274050]   Magic number: 4:453:457
Feb  5 20:29:33 vishalrathi-VirtualBox kernel: [  750.274131] rtc_cmos rtc_cmos: setting system clock to 2016-02-06 01:29:13 UTC (1454722153)
Feb  5 20:29:33 vishalrathi-VirtualBox kernel: [  750.274136] sr0: scsi3-mmc drive: 32x/32x xa/form2 tray
Feb  5 20:29:33 vishalrathi-VirtualBox kernel: [  750.274137] cdrom: Uniform CD-ROM driver Revision: 3.20
Feb  5 20:29:33 vishalrathi-VirtualBox kernel: [  750.274189] sr 1:0:0:0: Attached scsi CD-ROM sr0
Feb  5 20:29:33 vishalrathi-VirtualBox kernel: [  750.274339] sr 1:0:0:0: Attached scsi generic sg0 type 5
Feb  5 20:29:33 vishalrathi-VirtualBox kernel: [  750.274379] BIOS EDD facility v0.16 2004-Jun-25, 0 devices found
Feb  5 20:29:33 vishalrathi-VirtualBox kernel: [  750.274380] EDD information not available.
Feb  5 20:29:33 vishalrathi-VirtualBox kernel: [  750.274403] PM: Hibernation image not present or could not be loaded.
Feb  5 20:29:33 vishalrathi-VirtualBox kernel: [  750.274615] Freeing unused kernel memory: 880K (c19b9000 - c1a95000)
Feb  5 20:29:33 vishalrathi-VirtualBox kernel: [  750.274644] Write protecting the kernel text: 6560k
Feb  5 20:29:33 vishalrathi-VirtualBox kernel: [  750.274681] Write protecting the kernel read-only data: 2748k
Feb  5 20:29:33 vishalrathi-VirtualBox kernel: [  750.274682] NX-protecting the kernel data: 5728k
Feb  5 20:29:33 vishalrathi-VirtualBox kernel: [  750.285501] systemd-udevd[93]: starting version 204
Feb  5 20:29:33 vishalrathi-VirtualBox kernel: [  750.302811] pata_acpi: module verification failed: signature and/or  required key missing - tainting kernel
Feb  5 20:29:33 vishalrathi-VirtualBox kernel: [  750.306755] e1000: Intel(R) PRO/1000 Network Driver - version 7.3.21-k8-NAPI
Feb  5 20:29:33 vishalrathi-VirtualBox kernel: [  750.306757] e1000: Copyright (c) 1999-2006 Intel Corporation.
Feb  5 20:29:33 vishalrathi-VirtualBox kernel: [  750.619533] psmouse serio1: alps: Unknown ALPS touchpad: E7=10 00 64, EC=10 00 64
Feb  5 20:29:33 vishalrathi-VirtualBox kernel: [  750.620472] input: ImExPS/2 Generic Explorer Mouse as /devices/platform/i8042/serio1/input/input4
Feb  5 20:29:33 vishalrathi-VirtualBox kernel: [  750.656505] e1000 0000:00:03.0 eth0: (PCI:33MHz:32-bit) 08:00:27:1e:bf:60
Feb  5 20:29:33 vishalrathi-VirtualBox kernel: [  750.656510] e1000 0000:00:03.0 eth0: Intel(R) PRO/1000 Network Connection
Feb  5 20:29:33 vishalrathi-VirtualBox kernel: [  750.656527] ahci 0000:00:0d.0: version 3.0
Feb  5 20:29:33 vishalrathi-VirtualBox kernel: [  750.656927] ahci 0000:00:0d.0: SSS flag set, parallel bus scan disabled
Feb  5 20:29:33 vishalrathi-VirtualBox kernel: [  750.657047] ahci 0000:00:0d.0: AHCI 0001.0100 32 slots 1 ports 3 Gbps 0x1 impl SATA mode
Feb  5 20:29:33 vishalrathi-VirtualBox kernel: [  750.657050] ahci 0000:00:0d.0: flags: 64bit ncq stag only ccc 
Feb  5 20:29:33 vishalrathi-VirtualBox kernel: [  750.657707] scsi2 : ahci
Feb  5 20:29:33 vishalrathi-VirtualBox kernel: [  750.657747] ata3: SATA max UDMA/133 abar m8192@0xf0806000 port 0xf0806100 irq 21
Feb  5 20:29:33 vishalrathi-VirtualBox kernel: [  750.925647] tsc: Refined TSC clocksource calibration: 2593.328 MHz
Feb  5 20:29:33 vishalrathi-VirtualBox kernel: [  750.925673] usb 1-1: new full-speed USB device number 2 using ohci-pci
Feb  5 20:29:33 vishalrathi-VirtualBox kernel: [  750.977363] ata3: SATA link up 3.0 Gbps (SStatus 123 SControl 300)
Feb  5 20:29:33 vishalrathi-VirtualBox kernel: [  750.977623] ata3.00: ATA-6: VBOX HARDDISK, 1.0, max UDMA/133
Feb  5 20:29:33 vishalrathi-VirtualBox kernel: [  750.977630] ata3.00: 52428800 sectors, multi 128: LBA48 NCQ (depth 31/32)
Feb  5 20:29:33 vishalrathi-VirtualBox kernel: [  750.978133] ata3.00: configured for UDMA/133
Feb  5 20:29:33 vishalrathi-VirtualBox kernel: [  750.978341] scsi 2:0:0:0: Direct-Access     ATA      VBOX HARDDISK    1.0  PQ: 0 ANSI: 5
Feb  5 20:29:33 vishalrathi-VirtualBox kernel: [  750.978697] sd 2:0:0:0: [sda] 52428800 512-byte logical blocks: (26.8 GB/25.0 GiB)
Feb  5 20:29:33 vishalrathi-VirtualBox kernel: [  750.978760] sd 2:0:0:0: [sda] Write Protect is off
Feb  5 20:29:33 vishalrathi-VirtualBox kernel: [  750.978766] sd 2:0:0:0: [sda] Mode Sense: 00 3a 00 00
Feb  5 20:29:33 vishalrathi-VirtualBox kernel: [  750.978793] sd 2:0:0:0: [sda] Write cache: enabled, read cache: enabled, doesn't support DPO or FUA
Feb  5 20:29:33 vishalrathi-VirtualBox kernel: [  750.979190] sd 2:0:0:0: Attached scsi generic sg1 type 0
Feb  5 20:29:33 vishalrathi-VirtualBox kernel: [  751.027939]  sda: sda1 sda2 < sda5 >
Feb  5 20:29:33 vishalrathi-VirtualBox kernel: [  751.028741] sd 2:0:0:0: [sda] Attached SCSI disk
Feb  5 20:29:33 vishalrathi-VirtualBox kernel: [  751.186675] random: lvm urandom read with 23 bits of entropy available
Feb  5 20:29:33 vishalrathi-VirtualBox kernel: [  751.187737] usb 1-1: New USB device found, idVendor=80ee, idProduct=0021
Feb  5 20:29:33 vishalrathi-VirtualBox kernel: [  751.187746] usb 1-1: New USB device strings: Mfr=1, Product=3, SerialNumber=0
Feb  5 20:29:33 vishalrathi-VirtualBox kernel: [  751.187752] usb 1-1: Product: USB Tablet
Feb  5 20:29:33 vishalrathi-VirtualBox kernel: [  751.187756] usb 1-1: Manufacturer: VirtualBox
Feb  5 20:29:33 vishalrathi-VirtualBox kernel: [  751.202218] hidraw: raw HID events driver (C) Jiri Kosina
Feb  5 20:29:33 vishalrathi-VirtualBox kernel: [  751.210520] usbcore: registered new interface driver usbhid
Feb  5 20:29:33 vishalrathi-VirtualBox kernel: [  751.210526] usbhid: USB HID core driver
Feb  5 20:29:33 vishalrathi-VirtualBox kernel: [  751.215229] input: VirtualBox USB Tablet as /devices/pci0000:00/0000:00:06.0/usb1/1-1/1-1:1.0/input/input5
Feb  5 20:29:33 vishalrathi-VirtualBox kernel: [  751.217779] hid-generic 0003:80EE:0021.0001: input,hidraw0: USB HID v1.10 Mouse [VirtualBox USB Tablet] on usb-0000:00:06.0-1/input0
Feb  5 20:29:33 vishalrathi-VirtualBox kernel: [  751.276063] bio: create slab <bio-1> at 1
Feb  5 20:29:33 vishalrathi-VirtualBox kernel: [  751.448611] EXT4-fs (dm-0): INFO: recovery required on readonly filesystem
Feb  5 20:29:33 vishalrathi-VirtualBox kernel: [  751.448618] EXT4-fs (dm-0): write access will be enabled during recovery
Feb  5 20:29:33 vishalrathi-VirtualBox kernel: [  752.212913] EXT4-fs (dm-0): orphan cleanup on readonly fs
Feb  5 20:29:33 vishalrathi-VirtualBox kernel: [  752.213103] EXT4-fs (dm-0): 4 orphan inodes deleted
Feb  5 20:29:33 vishalrathi-VirtualBox kernel: [  752.213107] EXT4-fs (dm-0): recovery complete
Feb  5 20:29:33 vishalrathi-VirtualBox kernel: [  752.231942] EXT4-fs (dm-0): mounted filesystem with ordered data mode. Opts: (null)
Feb  5 20:29:33 vishalrathi-VirtualBox kernel: [  753.707012] init: plymouth-upstart-bridge main process (165) terminated with status 1
Feb  5 20:29:33 vishalrathi-VirtualBox kernel: [  753.707041] init: plymouth-upstart-bridge main process ended, respawning
Feb  5 20:29:33 vishalrathi-VirtualBox kernel: [  753.730548] init: plymouth-upstart-bridge main process (176) terminated with status 1
Feb  5 20:29:33 vishalrathi-VirtualBox kernel: [  753.730574] init: plymouth-upstart-bridge main process ended, respawning
Feb  5 20:29:33 vishalrathi-VirtualBox kernel: [  753.751162] init: plymouth-upstart-bridge main process (178) terminated with status 1
Feb  5 20:29:33 vishalrathi-VirtualBox kernel: [  753.751198] init: plymouth-upstart-bridge main process ended, respawning
Feb  5 20:29:33 vishalrathi-VirtualBox kernel: [  753.766244] init: plymouth-upstart-bridge main process (180) terminated with status 1
Feb  5 20:29:33 vishalrathi-VirtualBox kernel: [  753.766267] init: plymouth-upstart-bridge main process ended, respawning
Feb  5 20:29:33 vishalrathi-VirtualBox kernel: [  753.777024] init: plymouth-upstart-bridge main process (182) terminated with status 1
Feb  5 20:29:33 vishalrathi-VirtualBox kernel: [  753.777042] init: plymouth-upstart-bridge main process ended, respawning
Feb  5 20:29:33 vishalrathi-VirtualBox kernel: [  753.787091] init: plymouth-upstart-bridge main process (184) terminated with status 1
Feb  5 20:29:33 vishalrathi-VirtualBox kernel: [  753.787111] init: plymouth-upstart-bridge main process ended, respawning
Feb  5 20:29:33 vishalrathi-VirtualBox kernel: [  753.795582] init: plymouth-upstart-bridge main process (186) terminated with status 1
Feb  5 20:29:33 vishalrathi-VirtualBox kernel: [  753.795600] init: plymouth-upstart-bridge main process ended, respawning
Feb  5 20:29:33 vishalrathi-VirtualBox kernel: [  753.808125] init: plymouth-upstart-bridge main process (188) terminated with status 1
Feb  5 20:29:33 vishalrathi-VirtualBox kernel: [  753.808145] init: plymouth-upstart-bridge main process ended, respawning
Feb  5 20:29:33 vishalrathi-VirtualBox kernel: [  753.814445] init: plymouth-upstart-bridge main process (191) terminated with status 1
Feb  5 20:29:33 vishalrathi-VirtualBox kernel: [  753.814455] init: plymouth-upstart-bridge main process ended, respawning
Feb  5 20:29:33 vishalrathi-VirtualBox kernel: [  753.818851] init: plymouth-upstart-bridge main process (193) terminated with status 1
Feb  5 20:29:33 vishalrathi-VirtualBox kernel: [  753.818881] init: plymouth-upstart-bridge main process ended, respawning
Feb  5 20:29:33 vishalrathi-VirtualBox kernel: [  753.823133] init: plymouth-upstart-bridge main process (195) terminated with status 1
Feb  5 20:29:33 vishalrathi-VirtualBox kernel: [  753.823144] init: plymouth-upstart-bridge respawning too fast, stopped
Feb  5 20:29:33 vishalrathi-VirtualBox kernel: [  754.024193] random: nonblocking pool is initialized
Feb  5 20:29:33 vishalrathi-VirtualBox kernel: [  766.401558] Adding 7340028k swap on /dev/mapper/ubuntu--vg-swap_1.  Priority:-1 extents:1 across:7340028k FS
Feb  5 20:29:33 vishalrathi-VirtualBox kernel: [  766.479673] IPv6: ADDRCONF(NETDEV_UP): eth0: link is not ready
Feb  5 20:29:33 vishalrathi-VirtualBox kernel: [  766.603643] systemd-udevd[301]: starting version 204
Feb  5 20:29:33 vishalrathi-VirtualBox kernel: [  766.862606] EXT4-fs (dm-0): re-mounted. Opts: errors=remount-ro
Feb  5 20:29:33 vishalrathi-VirtualBox kernel: [  767.178242] lp: driver loaded but no devices found
Feb  5 20:29:33 vishalrathi-VirtualBox kernel: [  767.181299] ACPI: Video Device [GFX0] (multi-head: yes  rom: no  post: no)
Feb  5 20:29:33 vishalrathi-VirtualBox kernel: [  767.181434] input: Video Bus as /devices/LNXSYSTM:00/device:00/PNP0A03:00/LNXVIDEO:00/input/input6
Feb  5 20:29:33 vishalrathi-VirtualBox kernel: [  767.240504] piix4_smbus 0000:00:07.0: SMBus base address uninitialized - upgrade BIOS or use force_addr=0xaddr
Feb  5 20:29:33 vishalrathi-VirtualBox kernel: [  767.252552] ppdev: user-space parallel port driver
Feb  5 20:29:33 vishalrathi-VirtualBox kernel: [  767.295630] type=1400 audit(1454722170.516:2): apparmor="STATUS" operation="profile_load" profile="unconfined" name="/sbin/dhclient" pid=377 comm="apparmor_parser"
Feb  5 20:29:33 vishalrathi-VirtualBox kernel: [  767.295641] type=1400 audit(1454722170.516:3): apparmor="STATUS" operation="profile_load" profile="unconfined" name="/usr/lib/NetworkManager/nm-dhcp-client.action" pid=377 comm="apparmor_parser"
Feb  5 20:29:33 vishalrathi-VirtualBox kernel: [  767.295649] type=1400 audit(1454722170.516:4): apparmor="STATUS" operation="profile_load" profile="unconfined" name="/usr/lib/connman/scripts/dhclient-script" pid=377 comm="apparmor_parser"
Feb  5 20:29:33 vishalrathi-VirtualBox kernel: [  767.296590] type=1400 audit(1454722170.516:5): apparmor="STATUS" operation="profile_replace" profile="unconfined" name="/usr/lib/NetworkManager/nm-dhcp-client.action" pid=377 comm="apparmor_parser"
Feb  5 20:29:33 vishalrathi-VirtualBox kernel: [  767.296599] type=1400 audit(1454722170.516:6): apparmor="STATUS" operation="profile_replace" profile="unconfined" name="/usr/lib/connman/scripts/dhclient-script" pid=377 comm="apparmor_parser"
Feb  5 20:29:33 vishalrathi-VirtualBox kernel: [  767.297069] type=1400 audit(1454722170.516:7): apparmor="STATUS" operation="profile_replace" profile="unconfined" name="/usr/lib/connman/scripts/dhclient-script" pid=377 comm="apparmor_parser"
Feb  5 20:29:33 vishalrathi-VirtualBox kernel: [  767.312083] type=1400 audit(1454722170.532:8): apparmor="STATUS" operation="profile_replace" profile="unconfined" name="/sbin/dhclient" pid=373 comm="apparmor_parser"
Feb  5 20:29:33 vishalrathi-VirtualBox kernel: [  767.312096] type=1400 audit(1454722170.532:9): apparmor="STATUS" operation="profile_replace" profile="unconfined" name="/usr/lib/NetworkManager/nm-dhcp-client.action" pid=373 comm="apparmor_parser"
Feb  5 20:29:33 vishalrathi-VirtualBox kernel: [  767.312105] type=1400 audit(1454722170.532:10): apparmor="STATUS" operation="profile_replace" profile="unconfined" name="/usr/lib/connman/scripts/dhclient-script" pid=373 comm="apparmor_parser"
Feb  5 20:29:33 vishalrathi-VirtualBox kernel: [  767.316807] type=1400 audit(1454722170.536:11): apparmor="STATUS" operation="profile_replace" profile="unconfined" name="/usr/lib/NetworkManager/nm-dhcp-client.action" pid=373 comm="apparmor_parser"
Feb  5 20:29:33 vishalrathi-VirtualBox kernel: [  767.718216] intel8x0: disable (unknown or VT-d) VM optimization
Feb  5 20:29:33 vishalrathi-VirtualBox kernel: [  768.005918] intel8x0: white list rate for 1028:0177 is 48000
Feb  5 20:29:33 vishalrathi-VirtualBox kernel: [  769.371533] EXT4-fs (sda1): mounting ext2 file system using the ext4 subsystem
Feb  5 20:29:33 vishalrathi-VirtualBox kernel: [  769.441977] EXT4-fs (sda1): mounted filesystem without journal. Opts: (null)
Feb  5 20:29:33 vishalrathi-VirtualBox kernel: [  769.725896] init: failsafe main process (621) killed by TERM signal
Feb  5 20:29:33 vishalrathi-VirtualBox bluetoothd[705]: Bluetooth daemon 4.101
Feb  5 20:29:33 vishalrathi-VirtualBox bluetoothd[705]: Starting SDP server
Feb  5 20:29:33 vishalrathi-VirtualBox ntpdate[711]: Can't find host ntp.ubuntu.com: Name or service not known (-2)
Feb  5 20:29:33 vishalrathi-VirtualBox ntpdate[711]: no servers can be used, exiting
Feb  5 20:29:33 vishalrathi-VirtualBox kernel: [  770.289184] Bluetooth: Core ver 2.17
Feb  5 20:29:33 vishalrathi-VirtualBox kernel: [  770.289235] NET: Registered protocol family 31
Feb  5 20:29:33 vishalrathi-VirtualBox kernel: [  770.289239] Bluetooth: HCI device and connection manager initialized
Feb  5 20:29:33 vishalrathi-VirtualBox bluetoothd[705]: DIS cannot start: GATT is disabled
Feb  5 20:29:33 vishalrathi-VirtualBox bluetoothd[705]: Failed to init deviceinfo plugin
Feb  5 20:29:33 vishalrathi-VirtualBox bluetoothd[705]: Failed to init proximity plugin
Feb  5 20:29:33 vishalrathi-VirtualBox bluetoothd[705]: Failed to init time plugin
Feb  5 20:29:33 vishalrathi-VirtualBox bluetoothd[705]: Failed to init alert plugin
Feb  5 20:29:33 vishalrathi-VirtualBox bluetoothd[705]: Failed to init thermometer plugin
Feb  5 20:29:33 vishalrathi-VirtualBox kernel: [  770.294634] Bluetooth: HCI socket layer initialized
Feb  5 20:29:33 vishalrathi-VirtualBox kernel: [  770.294644] Bluetooth: L2CAP socket layer initialized
Feb  5 20:29:33 vishalrathi-VirtualBox kernel: [  770.294656] Bluetooth: SCO socket layer initialized
Feb  5 20:29:33 vishalrathi-VirtualBox kernel: [  770.381898] Bluetooth: RFCOMM TTY layer initialized
Feb  5 20:29:33 vishalrathi-VirtualBox kernel: [  770.381917] Bluetooth: RFCOMM socket layer initialized
Feb  5 20:29:33 vishalrathi-VirtualBox kernel: [  770.381930] Bluetooth: RFCOMM ver 1.11
Feb  5 20:29:33 vishalrathi-VirtualBox kernel: [  770.388199] Bluetooth: BNEP (Ethernet Emulation) ver 1.3
Feb  5 20:29:33 vishalrathi-VirtualBox kernel: [  770.388207] Bluetooth: BNEP filters: protocol multicast
Feb  5 20:29:33 vishalrathi-VirtualBox bluetoothd[705]: Failed to init gatt_example plugin
Feb  5 20:29:33 vishalrathi-VirtualBox bluetoothd[705]: Bluetooth Management interface initialized
Feb  5 20:29:33 vishalrathi-VirtualBox kernel: [  770.391414] Bluetooth: BNEP socket layer initialized
Feb  5 20:29:33 vishalrathi-VirtualBox avahi-daemon[765]: Found user 'avahi' (UID 111) and group 'avahi' (GID 117).
Feb  5 20:29:33 vishalrathi-VirtualBox avahi-daemon[765]: Successfully dropped root privileges.
Feb  5 20:29:33 vishalrathi-VirtualBox avahi-daemon[765]: avahi-daemon 0.6.31 starting up.
Feb  5 20:29:33 vishalrathi-VirtualBox avahi-daemon[765]: Successfully called chroot().
Feb  5 20:29:33 vishalrathi-VirtualBox avahi-daemon[765]: Successfully dropped remaining capabilities.
Feb  5 20:29:33 vishalrathi-VirtualBox kernel: [  770.464617] init: cups main process (723) killed by HUP signal
Feb  5 20:29:33 vishalrathi-VirtualBox kernel: [  770.464628] init: cups main process ended, respawning
Feb  5 20:29:33 vishalrathi-VirtualBox avahi-daemon[765]: No service file found in /etc/avahi/services.
Feb  5 20:29:33 vishalrathi-VirtualBox avahi-daemon[765]: Network interface enumeration completed.
Feb  5 20:29:33 vishalrathi-VirtualBox avahi-daemon[765]: Registering HINFO record with values 'I686'/'LINUX'.
Feb  5 20:29:33 vishalrathi-VirtualBox avahi-daemon[765]: Server startup complete. Host name is vishalrathi-VirtualBox.local. Local service cookie is 3666387622.
Feb  5 20:29:33 vishalrathi-VirtualBox ModemManager[704]: <info>  ModemManager (version 1.0.0) starting...
Feb  5 20:29:33 vishalrathi-VirtualBox NetworkManager[775]: <info> NetworkManager (version 0.9.8.8) is starting...
Feb  5 20:29:33 vishalrathi-VirtualBox NetworkManager[775]: <info> Read config file /etc/NetworkManager/NetworkManager.conf
Feb  5 20:29:33 vishalrathi-VirtualBox NetworkManager[775]: <info> WEXT support is enabled
Feb  5 20:29:34 vishalrathi-VirtualBox NetworkManager[775]: <info> VPN: loaded org.freedesktop.NetworkManager.pptp
Feb  5 20:29:34 vishalrathi-VirtualBox NetworkManager[775]: <info> DNS: loaded plugin dnsmasq
Feb  5 20:29:34 vishalrathi-VirtualBox dbus[665]: [system] Activating service name='org.freedesktop.PolicyKit1' (using servicehelper)
Feb  5 20:29:34 vishalrathi-VirtualBox polkitd[781]: started daemon version 0.105 using authority implementation `local' version `0.105'
Feb  5 20:29:34 vishalrathi-VirtualBox dbus[665]: [system] Successfully activated service 'org.freedesktop.PolicyKit1'
Feb  5 20:29:34 vishalrathi-VirtualBox NetworkManager[775]:    SCPlugin-Ifupdown: init!
Feb  5 20:29:34 vishalrathi-VirtualBox NetworkManager[775]:    SCPlugin-Ifupdown: update_system_hostname
Feb  5 20:29:34 vishalrathi-VirtualBox NetworkManager[775]:       interface-parser: parsing file /etc/network/interfaces
Feb  5 20:29:34 vishalrathi-VirtualBox NetworkManager[775]:       interface-parser: finished parsing file /etc/network/interfaces
Feb  5 20:29:34 vishalrathi-VirtualBox NetworkManager[775]:    SCPluginIfupdown: management mode: unmanaged
Feb  5 20:29:34 vishalrathi-VirtualBox NetworkManager[775]:    SCPlugin-Ifupdown: devices added (path: /sys/devices/pci0000:00/0000:00:03.0/net/eth0, iface: eth0)
Feb  5 20:29:34 vishalrathi-VirtualBox NetworkManager[775]:    SCPlugin-Ifupdown: device added (path: /sys/devices/pci0000:00/0000:00:03.0/net/eth0, iface: eth0): no ifupdown configuration found.
Feb  5 20:29:34 vishalrathi-VirtualBox NetworkManager[775]:    SCPlugin-Ifupdown: devices added (path: /sys/devices/virtual/net/lo, iface: lo)
Feb  5 20:29:34 vishalrathi-VirtualBox NetworkManager[775]:    SCPlugin-Ifupdown: device added (path: /sys/devices/virtual/net/lo, iface: lo): no ifupdown configuration found.
Feb  5 20:29:34 vishalrathi-VirtualBox NetworkManager[775]:    SCPlugin-Ifupdown: end _init.
Feb  5 20:29:34 vishalrathi-VirtualBox NetworkManager[775]: <info> Loaded plugin ifupdown: (C) 2008 Canonical Ltd.  To report bugs please use the NetworkManager mailing list.
Feb  5 20:29:34 vishalrathi-VirtualBox NetworkManager[775]: <info> Loaded plugin keyfile: (c) 2007 - 2010 Red Hat, Inc.  To report bugs please use the NetworkManager mailing list.
Feb  5 20:29:34 vishalrathi-VirtualBox NetworkManager[775]:    SCPlugin-Ofono: Acquired D-Bus service com.canonical.NMOfono
Feb  5 20:29:34 vishalrathi-VirtualBox NetworkManager[775]:    SCPlugin-Ofono: init!
Feb  5 20:29:34 vishalrathi-VirtualBox NetworkManager[775]:    SCPlugin-Ofono: end _init.
Feb  5 20:29:34 vishalrathi-VirtualBox NetworkManager[775]: <info> Loaded plugin (null): (null)
Feb  5 20:29:34 vishalrathi-VirtualBox NetworkManager[775]:    Ifupdown: get unmanaged devices count: 0
Feb  5 20:29:34 vishalrathi-VirtualBox NetworkManager[775]:    SCPlugin-Ifupdown: (145092448) ... get_connections.
Feb  5 20:29:34 vishalrathi-VirtualBox NetworkManager[775]:    SCPlugin-Ifupdown: (145092448) ... get_connections (managed=false): return empty list.
Feb  5 20:29:34 vishalrathi-VirtualBox NetworkManager[775]:    SCPlugin-Ofono: (144965144) ... get_connections.
Feb  5 20:29:34 vishalrathi-VirtualBox NetworkManager[775]:    SCPlugin-Ofono: (144965144) connections count: 0
Feb  5 20:29:34 vishalrathi-VirtualBox NetworkManager[775]:    Ifupdown: get unmanaged devices count: 0
Feb  5 20:29:34 vishalrathi-VirtualBox NetworkManager[775]: <info> monitoring kernel firmware directory '/lib/firmware'.
Feb  5 20:29:34 vishalrathi-VirtualBox NetworkManager[775]: <info> WiFi enabled by radio killswitch; enabled by state file
Feb  5 20:29:34 vishalrathi-VirtualBox NetworkManager[775]: <info> WWAN enabled by radio killswitch; enabled by state file
Feb  5 20:29:34 vishalrathi-VirtualBox NetworkManager[775]: <info> WiMAX enabled by radio killswitch; enabled by state file
Feb  5 20:29:34 vishalrathi-VirtualBox NetworkManager[775]: <info> Networking is enabled by state file
Feb  5 20:29:34 vishalrathi-VirtualBox NetworkManager[775]: <warn> failed to allocate link cache: (-12) Object not found
Feb  5 20:29:34 vishalrathi-VirtualBox NetworkManager[775]: <info> (eth0): carrier is OFF
Feb  5 20:29:34 vishalrathi-VirtualBox NetworkManager[775]: <info> (eth0): new Ethernet device (driver: 'e1000' ifindex: 2)
Feb  5 20:29:34 vishalrathi-VirtualBox NetworkManager[775]: <info> (eth0): exported as /org/freedesktop/NetworkManager/Devices/0
Feb  5 20:29:34 vishalrathi-VirtualBox NetworkManager[775]: <info> (eth0): device state change: unmanaged -> unavailable (reason 'managed') [10 20 2]
Feb  5 20:29:34 vishalrathi-VirtualBox NetworkManager[775]: <info> (eth0): bringing up device.
Feb  5 20:29:34 vishalrathi-VirtualBox kernel: [  770.978368] e1000: eth0 NIC Link is Up 1000 Mbps Full Duplex, Flow Control: RX
Feb  5 20:29:34 vishalrathi-VirtualBox NetworkManager[775]: <info> (eth0): carrier now ON (device state 20)
Feb  5 20:29:34 vishalrathi-VirtualBox NetworkManager[775]: <info> (eth0): preparing device.
Feb  5 20:29:34 vishalrathi-VirtualBox NetworkManager[775]: <info> (eth0): deactivating device (reason 'managed') [2]
Feb  5 20:29:34 vishalrathi-VirtualBox kernel: [  770.982018] IPv6: ADDRCONF(NETDEV_UP): eth0: link is not ready
Feb  5 20:29:34 vishalrathi-VirtualBox kernel: [  770.982030] IPv6: ADDRCONF(NETDEV_CHANGE): eth0: link becomes ready
Feb  5 20:29:34 vishalrathi-VirtualBox NetworkManager[775]: <info> Added default wired connection 'Wired connection 1' for /sys/devices/pci0000:00/0000:00:03.0/net/eth0
Feb  5 20:29:34 vishalrathi-VirtualBox NetworkManager[775]: <warn> /sys/devices/virtual/net/lo: couldn't determine device driver; ignoring...
Feb  5 20:29:34 vishalrathi-VirtualBox NetworkManager[775]: <warn> /sys/devices/virtual/net/lo: couldn't determine device driver; ignoring...
Feb  5 20:29:34 vishalrathi-VirtualBox NetworkManager[775]: <info> (eth0): carrier now OFF (device state 20)
Feb  5 20:29:34 vishalrathi-VirtualBox NetworkManager[775]: <info> (eth0): carrier now ON (device state 20)
Feb  5 20:29:34 vishalrathi-VirtualBox NetworkManager[775]: <info> urfkill disappeared from the bus
Feb  5 20:29:34 vishalrathi-VirtualBox NetworkManager[775]: <info> (eth0): device state change: unavailable -> disconnected (reason 'carrier-changed') [20 30 40]
Feb  5 20:29:34 vishalrathi-VirtualBox NetworkManager[775]: <info> ModemManager available in the bus
Feb  5 20:29:34 vishalrathi-VirtualBox NetworkManager[775]: <info> Auto-activating connection 'Wired connection 1'.
Feb  5 20:29:34 vishalrathi-VirtualBox NetworkManager[775]: <info> Activation (eth0) starting connection 'Wired connection 1'
Feb  5 20:29:34 vishalrathi-VirtualBox NetworkManager[775]: <info> (eth0): device state change: disconnected -> prepare (reason 'none') [30 40 0]
Feb  5 20:29:34 vishalrathi-VirtualBox NetworkManager[775]: <info> NetworkManager state is now CONNECTING
Feb  5 20:29:34 vishalrathi-VirtualBox NetworkManager[775]: <info> Activation (eth0) Stage 1 of 5 (Device Prepare) scheduled...
Feb  5 20:29:34 vishalrathi-VirtualBox NetworkManager[775]: <info> Activation (eth0) Stage 1 of 5 (Device Prepare) started...
Feb  5 20:29:34 vishalrathi-VirtualBox NetworkManager[775]: <info> Activation (eth0) Stage 2 of 5 (Device Configure) scheduled...
Feb  5 20:29:34 vishalrathi-VirtualBox NetworkManager[775]: <info> Activation (eth0) Stage 1 of 5 (Device Prepare) complete.
Feb  5 20:29:34 vishalrathi-VirtualBox NetworkManager[775]: <info> Activation (eth0) Stage 2 of 5 (Device Configure) starting...
Feb  5 20:29:34 vishalrathi-VirtualBox NetworkManager[775]: <info> (eth0): device state change: prepare -> config (reason 'none') [40 50 0]
Feb  5 20:29:34 vishalrathi-VirtualBox NetworkManager[775]: <info> Activation (eth0) Stage 2 of 5 (Device Configure) successful.
Feb  5 20:29:34 vishalrathi-VirtualBox NetworkManager[775]: <info> Activation (eth0) Stage 3 of 5 (IP Configure Start) scheduled.
Feb  5 20:29:34 vishalrathi-VirtualBox NetworkManager[775]: <info> Activation (eth0) Stage 2 of 5 (Device Configure) complete.
Feb  5 20:29:34 vishalrathi-VirtualBox NetworkManager[775]: <info> Activation (eth0) Stage 3 of 5 (IP Configure Start) started...
Feb  5 20:29:34 vishalrathi-VirtualBox NetworkManager[775]: <info> (eth0): device state change: config -> ip-config (reason 'none') [50 70 0]
Feb  5 20:29:34 vishalrathi-VirtualBox NetworkManager[775]: <info> Activation (eth0) Beginning DHCPv4 transaction (timeout in 45 seconds)
Feb  5 20:29:34 vishalrathi-VirtualBox NetworkManager[775]: <info> dhclient started with pid 813
Feb  5 20:29:34 vishalrathi-VirtualBox NetworkManager[775]: <info> Activation (eth0) Beginning IP6 addrconf.
Feb  5 20:29:34 vishalrathi-VirtualBox NetworkManager[775]: <info> Activation (eth0) Stage 3 of 5 (IP Configure Start) complete.
Feb  5 20:29:34 vishalrathi-VirtualBox dhclient: Internet Systems Consortium DHCP Client 4.2.4
Feb  5 20:29:34 vishalrathi-VirtualBox dhclient: Copyright 2004-2012 Internet Systems Consortium.
Feb  5 20:29:34 vishalrathi-VirtualBox dhclient: All rights reserved.
Feb  5 20:29:34 vishalrathi-VirtualBox dhclient: For info, please visit https://www.isc.org/software/dhcp/
Feb  5 20:29:34 vishalrathi-VirtualBox dhclient: 
Feb  5 20:29:34 vishalrathi-VirtualBox NetworkManager[775]: <info> (eth0): DHCPv4 state changed nbi -> preinit
Feb  5 20:29:34 vishalrathi-VirtualBox dhclient: Listening on LPF/eth0/08:00:27:1e:bf:60
Feb  5 20:29:34 vishalrathi-VirtualBox dhclient: Sending on   LPF/eth0/08:00:27:1e:bf:60
Feb  5 20:29:34 vishalrathi-VirtualBox dhclient: Sending on   Socket/fallback
Feb  5 20:29:34 vishalrathi-VirtualBox dhclient: DHCPDISCOVER on eth0 to 255.255.255.255 port 67 interval 3 (xid=0x925ca779)
Feb  5 20:29:34 vishalrathi-VirtualBox dhclient: DHCPREQUEST of 10.0.2.15 on eth0 to 255.255.255.255 port 67 (xid=0x79a75c92)
Feb  5 20:29:34 vishalrathi-VirtualBox dhclient: DHCPOFFER of 10.0.2.15 from 10.0.2.2
Feb  5 20:29:34 vishalrathi-VirtualBox dhclient: DHCPACK of 10.0.2.15 from 10.0.2.2
Feb  5 20:29:34 vishalrathi-VirtualBox NetworkManager[775]: <info> (eth0): DHCPv4 state changed preinit -> bound
Feb  5 20:29:34 vishalrathi-VirtualBox NetworkManager[775]: <info>   address 10.0.2.15
Feb  5 20:29:34 vishalrathi-VirtualBox NetworkManager[775]: <info>   prefix 24 (255.255.255.0)
Feb  5 20:29:34 vishalrathi-VirtualBox NetworkManager[775]: <info>   gateway 10.0.2.2
Feb  5 20:29:34 vishalrathi-VirtualBox NetworkManager[775]: <info>   nameserver '130.215.32.18'
Feb  5 20:29:34 vishalrathi-VirtualBox NetworkManager[775]: <info>   nameserver '130.215.39.18'
Feb  5 20:29:34 vishalrathi-VirtualBox NetworkManager[775]: <info>   nameserver '130.215.5.18'
Feb  5 20:29:34 vishalrathi-VirtualBox NetworkManager[775]: <info>   domain name 'WIFI.WPI.EDU'
Feb  5 20:29:34 vishalrathi-VirtualBox NetworkManager[775]: <info> Activation (eth0) Stage 5 of 5 (IPv4 Configure Commit) scheduled...
Feb  5 20:29:34 vishalrathi-VirtualBox NetworkManager[775]: <info> Activation (eth0) Stage 5 of 5 (IPv4 Commit) started...
Feb  5 20:29:34 vishalrathi-VirtualBox avahi-daemon[765]: Joining mDNS multicast group on interface eth0.IPv4 with address 10.0.2.15.
Feb  5 20:29:34 vishalrathi-VirtualBox avahi-daemon[765]: New relevant interface eth0.IPv4 for mDNS.
Feb  5 20:29:34 vishalrathi-VirtualBox avahi-daemon[765]: Registering new address record for 10.0.2.15 on eth0.IPv4.
Feb  5 20:29:34 vishalrathi-VirtualBox dhclient: bound to 10.0.2.15 -- renewal in 36263 seconds.
Feb  5 20:29:34 vishalrathi-VirtualBox anacron[957]: Anacron 2.3 started on 2016-02-05
Feb  5 20:29:34 vishalrathi-VirtualBox kernel: [  771.484569] init: alsa-restore main process (956) terminated with status 99
Feb  5 20:29:34 vishalrathi-VirtualBox acpid: starting up with netlink and the input layer
Feb  5 20:29:34 vishalrathi-VirtualBox /usr/sbin/irqbalance: Balancing is ineffective on systems with a single cache domain.  Shutting down
Feb  5 20:29:34 vishalrathi-VirtualBox cron[888]: (CRON) INFO (pidfile fd = 3)
Feb  5 20:29:34 vishalrathi-VirtualBox anacron[957]: Normal exit (0 jobs run)
Feb  5 20:29:34 vishalrathi-VirtualBox cron[989]: (CRON) STARTUP (fork ok)
Feb  5 20:29:34 vishalrathi-VirtualBox cron[989]: (CRON) INFO (Running @reboot jobs)
Feb  5 20:29:34 vishalrathi-VirtualBox acpid: 9 rules loaded
Feb  5 20:29:34 vishalrathi-VirtualBox acpid: waiting for events: event logging is off
Feb  5 20:29:35 vishalrathi-VirtualBox whoopsie[955]: whoopsie 0.2.24.6ubuntu2 starting up.
Feb  5 20:29:35 vishalrathi-VirtualBox whoopsie[955]: Using lock path: /var/lock/whoopsie/lock
Feb  5 20:29:35 vishalrathi-VirtualBox NetworkManager[775]: <info> (eth0): device state change: ip-config -> secondaries (reason 'none') [70 90 0]
Feb  5 20:29:35 vishalrathi-VirtualBox NetworkManager[775]: <info> Activation (eth0) Stage 5 of 5 (IPv4 Commit) complete.
Feb  5 20:29:35 vishalrathi-VirtualBox NetworkManager[775]: <info> (eth0): device state change: secondaries -> activated (reason 'none') [90 100 0]
Feb  5 20:29:35 vishalrathi-VirtualBox whoopsie[997]: offline
Feb  5 20:29:35 vishalrathi-VirtualBox NetworkManager[775]: <info> NetworkManager state is now CONNECTED_GLOBAL
Feb  5 20:29:35 vishalrathi-VirtualBox NetworkManager[775]: <info> Policy set 'Wired connection 1' (eth0) as default for IPv4 routing and DNS.
Feb  5 20:29:35 vishalrathi-VirtualBox NetworkManager[775]: <info> DNS: starting dnsmasq...
Feb  5 20:29:35 vishalrathi-VirtualBox NetworkManager[775]: <warn> dnsmasq not available on the bus, can't update servers.
Feb  5 20:29:35 vishalrathi-VirtualBox NetworkManager[775]: <error> [1454722175.396834] [nm-dns-dnsmasq.c:396] update(): dnsmasq owner not found on bus: Could not get owner of name 'org.freedesktop.NetworkManager.dnsmasq': no such name
Feb  5 20:29:35 vishalrathi-VirtualBox NetworkManager[775]: <warn> DNS: plugin dnsmasq update failed
Feb  5 20:29:35 vishalrathi-VirtualBox NetworkManager[775]: <info> Writing DNS information to /sbin/resolvconf
Feb  5 20:29:35 vishalrathi-VirtualBox dnsmasq[1013]: started, version 2.68 cache disabled
Feb  5 20:29:35 vishalrathi-VirtualBox dnsmasq[1013]: compile time options: IPv6 GNU-getopt DBus i18n IDN DHCP DHCPv6 no-Lua TFTP conntrack ipset auth
Feb  5 20:29:35 vishalrathi-VirtualBox dnsmasq[1013]: DBus support enabled: connected to system bus
Feb  5 20:29:35 vishalrathi-VirtualBox dnsmasq[1013]: warning: no upstream servers configured
Feb  5 20:29:35 vishalrathi-VirtualBox NetworkManager[775]: <info> Activation (eth0) successful, device activated.
Feb  5 20:29:35 vishalrathi-VirtualBox dbus[665]: [system] Activating service name='org.freedesktop.nm_dispatcher' (using servicehelper)
Feb  5 20:29:35 vishalrathi-VirtualBox NetworkManager[775]: <warn> dnsmasq appeared on DBus: :1.13
Feb  5 20:29:35 vishalrathi-VirtualBox NetworkManager[775]: <info> Writing DNS information to /sbin/resolvconf
Feb  5 20:29:35 vishalrathi-VirtualBox dnsmasq[1013]: setting upstream servers from DBus
Feb  5 20:29:35 vishalrathi-VirtualBox dnsmasq[1013]: using nameserver 130.215.5.18#53
Feb  5 20:29:35 vishalrathi-VirtualBox dnsmasq[1013]: using nameserver 130.215.39.18#53
Feb  5 20:29:35 vishalrathi-VirtualBox dnsmasq[1013]: using nameserver 130.215.32.18#53
Feb  5 20:29:36 vishalrathi-VirtualBox dbus[665]: [system] Successfully activated service 'org.freedesktop.nm_dispatcher'
Feb  5 20:29:36 vishalrathi-VirtualBox avahi-daemon[765]: Joining mDNS multicast group on interface eth0.IPv6 with address fe80::a00:27ff:fe1e:bf60.
Feb  5 20:29:36 vishalrathi-VirtualBox avahi-daemon[765]: New relevant interface eth0.IPv6 for mDNS.
Feb  5 20:29:36 vishalrathi-VirtualBox avahi-daemon[765]: Registering new address record for fe80::a00:27ff:fe1e:bf60 on eth0.*.
Feb  5 20:29:36 vishalrathi-VirtualBox dbus[665]: [system] Activating service name='org.freedesktop.Accounts' (using servicehelper)
Feb  5 20:29:36 vishalrathi-VirtualBox ModemManager[704]: <warn>  Couldn't find support for device at '/sys/devices/pci0000:00/0000:00:03.0': not supported by any plugin
Feb  5 20:29:36 vishalrathi-VirtualBox accounts-daemon[1243]: started daemon version 0.6.35
Feb  5 20:29:36 vishalrathi-VirtualBox dbus[665]: [system] Successfully activated service 'org.freedesktop.Accounts'
Feb  5 20:29:38 vishalrathi-VirtualBox dbus[665]: [system] Activating service name='org.freedesktop.UPower' (using servicehelper)
Feb  5 20:29:39 vishalrathi-VirtualBox dbus[665]: [system] Activating service name='org.freedesktop.RealtimeKit1' (using servicehelper)
Feb  5 20:29:39 vishalrathi-VirtualBox dbus[665]: [system] Successfully activated service 'org.freedesktop.RealtimeKit1'
Feb  5 20:29:39 vishalrathi-VirtualBox rtkit-daemon[1373]: Successfully called chroot.
Feb  5 20:29:39 vishalrathi-VirtualBox rtkit-daemon[1373]: Successfully dropped privileges.
Feb  5 20:29:39 vishalrathi-VirtualBox rtkit-daemon[1373]: Successfully limited resources.
Feb  5 20:29:39 vishalrathi-VirtualBox rtkit-daemon[1373]: Running.
Feb  5 20:29:39 vishalrathi-VirtualBox rtkit-daemon[1373]: Successfully made thread 1371 of process 1371 (n/a) owned by '112' high priority at nice level -11.
Feb  5 20:29:39 vishalrathi-VirtualBox rtkit-daemon[1373]: Supervising 1 threads of 1 processes of 1 users.
Feb  5 20:29:39 vishalrathi-VirtualBox rtkit-daemon[1373]: Watchdog thread running.
Feb  5 20:29:39 vishalrathi-VirtualBox rtkit-daemon[1373]: Canary thread running.
Feb  5 20:29:39 vishalrathi-VirtualBox dbus[665]: [system] Successfully activated service 'org.freedesktop.UPower'
Feb  5 20:29:39 vishalrathi-VirtualBox pulseaudio[1371]: [pulseaudio] alsa-util.c: Disabling timer-based scheduling because running inside a VM.
Feb  5 20:29:39 vishalrathi-VirtualBox pulseaudio[1371]: [pulseaudio] sink.c: Default and alternate sample rates are the same.
Feb  5 20:29:39 vishalrathi-VirtualBox rtkit-daemon[1373]: Successfully made thread 1388 of process 1371 (n/a) owned by '112' RT at priority 5.
Feb  5 20:29:39 vishalrathi-VirtualBox rtkit-daemon[1373]: Supervising 2 threads of 1 processes of 1 users.
Feb  5 20:29:39 vishalrathi-VirtualBox pulseaudio[1371]: [pulseaudio] alsa-util.c: Disabling timer-based scheduling because running inside a VM.
Feb  5 20:29:39 vishalrathi-VirtualBox rtkit-daemon[1373]: Successfully made thread 1391 of process 1371 (n/a) owned by '112' RT at priority 5.
Feb  5 20:29:39 vishalrathi-VirtualBox rtkit-daemon[1373]: Supervising 3 threads of 1 processes of 1 users.
Feb  5 20:29:39 vishalrathi-VirtualBox pulseaudio[1371]: [alsa-source-Intel ICH] alsa-source.c: ALSA woke us up to read new data from the device, but there was actually nothing to read!
Feb  5 20:29:39 vishalrathi-VirtualBox pulseaudio[1371]: [alsa-source-Intel ICH] alsa-source.c: Most likely this is a bug in the ALSA driver 'snd_intel8x0'. Please report this issue to the ALSA developers.
Feb  5 20:29:39 vishalrathi-VirtualBox pulseaudio[1371]: [alsa-source-Intel ICH] alsa-source.c: We were woken up with POLLIN set -- however a subsequent snd_pcm_avail() returned 0 or another value < min_avail.
Feb  5 20:29:39 vishalrathi-VirtualBox rtkit-daemon[1373]: Successfully made thread 1408 of process 1408 (n/a) owned by '112' high priority at nice level -11.
Feb  5 20:29:39 vishalrathi-VirtualBox rtkit-daemon[1373]: Supervising 4 threads of 2 processes of 1 users.
Feb  5 20:29:39 vishalrathi-VirtualBox pulseaudio[1408]: [pulseaudio] pid.c: Daemon already running.
Feb  5 20:29:39 vishalrathi-VirtualBox dbus[665]: [system] Activating service name='org.freedesktop.systemd1' (using servicehelper)
Feb  5 20:29:39 vishalrathi-VirtualBox dbus[665]: [system] Successfully activated service 'org.freedesktop.systemd1'
Feb  5 20:29:39 vishalrathi-VirtualBox dbus[665]: [system] Activating service name='org.freedesktop.ColorManager' (using servicehelper)
Feb  5 20:29:39 vishalrathi-VirtualBox colord: Using config file /etc/colord.conf
Feb  5 20:29:39 vishalrathi-VirtualBox colord: Using mapping database file /var/lib/colord/mapping.db
Feb  5 20:29:39 vishalrathi-VirtualBox colord: Using device database file /var/lib/colord/storage.db
Feb  5 20:29:39 vishalrathi-VirtualBox colord: loaded plugin libcd_plugin_camera.so
Feb  5 20:29:39 vishalrathi-VirtualBox colord: plugin /usr/lib/i386-linux-gnu/colord-plugins/libcd_plugin_sane.so not loaded: plugin refused to load
Feb  5 20:29:39 vishalrathi-VirtualBox colord: loaded plugin libcd_plugin_scanner.so
Feb  5 20:29:39 vishalrathi-VirtualBox colord: Daemon ready for requests
Feb  5 20:29:39 vishalrathi-VirtualBox dbus[665]: [system] Successfully activated service 'org.freedesktop.ColorManager'
Feb  5 20:29:39 vishalrathi-VirtualBox colord: Profile added: icc-288a6f2c3bb54a1d2a29221c9caf5011
Feb  5 20:29:39 vishalrathi-VirtualBox colord: Profile added: icc-0383c34650771ce95ef93fe916867725
Feb  5 20:29:39 vishalrathi-VirtualBox colord: Profile added: icc-353a6bcabda00f04b6988f89126ce6f5
Feb  5 20:29:39 vishalrathi-VirtualBox colord: Profile added: icc-b0701c2ccf059287d0b067464df8bda9
Feb  5 20:29:39 vishalrathi-VirtualBox colord: Profile added: icc-654b99c87e67edb1c1cfb0dcb7fa9d04
Feb  5 20:29:39 vishalrathi-VirtualBox colord: Profile added: icc-56cc29b73a685afb027a630b6d5057dc
Feb  5 20:29:39 vishalrathi-VirtualBox colord: Profile added: icc-94ec9a8cbcf45963ef9bfbe80b33e02f
Feb  5 20:29:39 vishalrathi-VirtualBox colord: Profile added: icc-82f5d16fcef1fbd987b6a82c94104464
Feb  5 20:29:39 vishalrathi-VirtualBox colord: Profile added: icc-a10be98be58460669fcdc6946939b7cf
Feb  5 20:29:39 vishalrathi-VirtualBox colord: Profile added: icc-c227f46f246694ba9971f270cb61a0c1
Feb  5 20:29:39 vishalrathi-VirtualBox colord: Profile added: icc-6ad6d63767ce0393245528ada92f1cb2
Feb  5 20:29:39 vishalrathi-VirtualBox colord: Profile added: icc-6a245ab2d8892e2e56232af93cd48b81
Feb  5 20:29:39 vishalrathi-VirtualBox colord: Profile added: icc-2ee6b6114ddeed0d4f61e0211c23427b
Feb  5 20:29:39 vishalrathi-VirtualBox colord: Profile added: icc-fd79463e1808f0d8ea7a8f7eefd3256b
Feb  5 20:29:39 vishalrathi-VirtualBox colord: Profile added: icc-c3e6382fa9b2d31b01b736f6f97aac3a
Feb  5 20:29:39 vishalrathi-VirtualBox colord: Profile added: icc-50e7bd95c5a7d850b2051ad93a63906d
Feb  5 20:29:39 vishalrathi-VirtualBox colord: Profile added: icc-ccebee4c2d6eddc597c1425ac2f128b1
Feb  5 20:29:39 vishalrathi-VirtualBox colord: Profile added: icc-8b73141bce6d164037dd46000bafb2a2
Feb  5 20:29:39 vishalrathi-VirtualBox colord: Profile added: icc-fb41735d46e9e2c5b7dfa641160c3393
Feb  5 20:29:39 vishalrathi-VirtualBox colord: Profile added: icc-523e494bc2f53c53d51d0758b07f4879
Feb  5 20:29:39 vishalrathi-VirtualBox colord: Profile added: icc-3a34aa6c3d1fb1ef63ff41e04ee00979
Feb  5 20:29:39 vishalrathi-VirtualBox colord: Profile added: icc-72f5b1cba915b68ea75cc843e270df5a
Feb  5 20:29:39 vishalrathi-VirtualBox colord: Profile added: icc-b2016991d9b9c2cf940a251d1441c7fc
Feb  5 20:29:39 vishalrathi-VirtualBox colord: Profile added: icc-3c54e22f77a8f6175941c3f39f1029f9
Feb  5 20:29:40 vishalrathi-VirtualBox colord: Device added: xrandr-VGA-0
Feb  5 20:29:44 vishalrathi-VirtualBox ntpdate[1210]: step time server 91.189.89.199 offset 0.902518 sec
Feb  5 20:29:44 vishalrathi-VirtualBox colord: device removed: xrandr-VGA-0
Feb  5 20:29:44 vishalrathi-VirtualBox NetworkManager[775]: <warn> error requesting auth for org.freedesktop.NetworkManager.wifi.share.open: (3) GDBus.Error:org.freedesktop.DBus.Error.NameHasNoOwner: GDBus.Error:org.freedesktop.DBus.Error.NameHasNoOwner: Could not get UID of name ':1.26': no such name
Feb  5 20:29:44 vishalrathi-VirtualBox NetworkManager[775]: <warn> error requesting auth for org.freedesktop.NetworkManager.settings.modify.system: (3) GDBus.Error:org.freedesktop.DBus.Error.NameHasNoOwner: GDBus.Error:org.freedesktop.DBus.Error.NameHasNoOwner: Could not get UID of name ':1.26': no such name
Feb  5 20:29:44 vishalrathi-VirtualBox NetworkManager[775]: <warn> error requesting auth for org.freedesktop.NetworkManager.settings.modify.own: (3) GDBus.Error:org.freedesktop.DBus.Error.NameHasNoOwner: GDBus.Error:org.freedesktop.DBus.Error.NameHasNoOwner: Could not get UID of name ':1.26': no such name
Feb  5 20:29:44 vishalrathi-VirtualBox NetworkManager[775]: <warn> error requesting auth for org.freedesktop.NetworkManager.settings.modify.hostname: (3) GDBus.Error:org.freedesktop.DBus.Error.NameHasNoOwner: GDBus.Error:org.freedesktop.DBus.Error.NameHasNoOwner: Could not get UID of name ':1.26': no such name
Feb  5 20:29:45 vishalrathi-VirtualBox NetworkManager[775]: <info> WiFi hardware radio set enabled
Feb  5 20:29:46 vishalrathi-VirtualBox colord: Device added: xrandr-VGA-0
Feb  5 20:29:46 vishalrathi-VirtualBox rtkit-daemon[1373]: Successfully made thread 1808 of process 1808 (n/a) owned by '1000' high priority at nice level -11.
Feb  5 20:29:46 vishalrathi-VirtualBox rtkit-daemon[1373]: Supervising 4 threads of 2 processes of 2 users.
Feb  5 20:29:46 vishalrathi-VirtualBox whoopsie[997]: online
Feb  5 20:29:46 vishalrathi-VirtualBox pulseaudio[1808]: [pulseaudio] alsa-util.c: Disabling timer-based scheduling because running inside a VM.
Feb  5 20:29:46 vishalrathi-VirtualBox pulseaudio[1808]: [pulseaudio] sink.c: Default and alternate sample rates are the same.
Feb  5 20:29:46 vishalrathi-VirtualBox rtkit-daemon[1373]: Successfully made thread 1813 of process 1808 (n/a) owned by '1000' RT at priority 5.
Feb  5 20:29:46 vishalrathi-VirtualBox rtkit-daemon[1373]: Supervising 5 threads of 2 processes of 2 users.
Feb  5 20:29:46 vishalrathi-VirtualBox pulseaudio[1808]: [pulseaudio] alsa-util.c: Disabling timer-based scheduling because running inside a VM.
Feb  5 20:29:46 vishalrathi-VirtualBox rtkit-daemon[1373]: Successfully made thread 1815 of process 1808 (n/a) owned by '1000' RT at priority 5.
Feb  5 20:29:46 vishalrathi-VirtualBox rtkit-daemon[1373]: Supervising 6 threads of 2 processes of 2 users.
Feb  5 20:29:46 vishalrathi-VirtualBox dbus[665]: [system] Activating service name='org.freedesktop.locale1' (using servicehelper)
Feb  5 20:29:46 vishalrathi-VirtualBox dbus[665]: [system] Successfully activated service 'org.freedesktop.locale1'
Feb  5 20:29:49 vishalrathi-VirtualBox dbus[665]: [system] Activating service name='org.freedesktop.UDisks2' (using servicehelper)
Feb  5 20:29:49 vishalrathi-VirtualBox udisksd[1968]: udisks daemon version 2.1.3 starting
Feb  5 20:29:49 vishalrathi-VirtualBox dbus[665]: [system] Successfully activated service 'org.freedesktop.UDisks2'
Feb  5 20:29:49 vishalrathi-VirtualBox udisksd[1968]: Acquired the name org.freedesktop.UDisks2 on the system message bus
Feb  5 20:29:55 vishalrathi-VirtualBox NetworkManager[775]: <info> (eth0): IP6 addrconf timed out or failed.
Feb  5 20:29:55 vishalrathi-VirtualBox NetworkManager[775]: <info> Activation (eth0) Stage 4 of 5 (IPv6 Configure Timeout) scheduled...
Feb  5 20:29:55 vishalrathi-VirtualBox NetworkManager[775]: <info> Activation (eth0) Stage 4 of 5 (IPv6 Configure Timeout) started...
Feb  5 20:29:55 vishalrathi-VirtualBox NetworkManager[775]: <info> Activation (eth0) Stage 4 of 5 (IPv6 Configure Timeout) complete.
Feb  5 20:30:04 vishalrathi-VirtualBox kernel: [  800.128898] audit_printk_skb: 168 callbacks suppressed
Feb  5 20:30:04 vishalrathi-VirtualBox kernel: [  800.128903] type=1400 audit(1454722204.252:68): apparmor="STATUS" operation="profile_replace" profile="unconfined" name="/usr/lib/cups/backend/cups-pdf" pid=2116 comm="apparmor_parser"
Feb  5 20:30:04 vishalrathi-VirtualBox kernel: [  800.128913] type=1400 audit(1454722204.252:69): apparmor="STATUS" operation="profile_replace" profile="unconfined" name="/usr/sbin/cupsd" pid=2116 comm="apparmor_parser"
Feb  5 20:30:04 vishalrathi-VirtualBox kernel: [  800.135795] type=1400 audit(1454722204.260:70): apparmor="STATUS" operation="profile_replace" profile="unconfined" name="/usr/sbin/cupsd" pid=2116 comm="apparmor_parser"
Feb  5 20:32:41 vishalrathi-VirtualBox kernel: [  957.545284] Interceptor: Found syscall table at address: 0xC166A180
Feb  5 20:34:39 vishalrathi-VirtualBox kernel: [  957.545286] Loaded interceptor!Unloaded interceptor!
Feb  5 20:35:24 vishalrathi-VirtualBox kernel: [ 1075.333033] Interceptor: Found syscall table at address: 0xC166A180Loaded interceptor!
Feb  5 20:35:30 vishalrathi-VirtualBox kernel: [ 1120.057717] Unloaded interceptor!Interceptor: Found syscall table at address: 0xC166A180
Feb  5 20:36:40 vishalrathi-VirtualBox kernel: [ 1126.021518] Loaded interceptor!Unloaded interceptor!
Feb  5 20:36:44 vishalrathi-VirtualBox kernel: [ 1196.735301] Interceptor: Found syscall table at address: 0xC166A180TEST0 
Feb  5 20:36:44 vishalrathi-VirtualBox kernel: [ 1200.286663] Test1 
Feb  5 20:36:44 vishalrathi-VirtualBox kernel: [ 1200.286668] Test2 
Feb  5 20:36:44 vishalrathi-VirtualBox kernel: [ 1200.286672] TestXYZ 
Feb  5 20:36:44 vishalrathi-VirtualBox kernel: [ 1200.286675] Test5 
Feb  5 20:36:44 vishalrathi-VirtualBox kernel: [ 1200.286678] Test3 
Feb  5 20:36:58 vishalrathi-VirtualBox kernel: [ 1196.735304] Loaded interceptor!
Feb  5 20:36:59 vishalrathi-VirtualBox kernel: [ 1214.633762] Unloaded interceptor!Interceptor: Found syscall table at address: 0xC166A180
Feb  5 20:37:31 vishalrathi-VirtualBox kernel: [ 1215.678215] Loaded interceptor!TEST0 
Feb  5 20:37:31 vishalrathi-VirtualBox kernel: [ 1247.861025] Test1 
Feb  5 20:37:31 vishalrathi-VirtualBox kernel: [ 1247.861058] Test2 
Feb  5 20:37:31 vishalrathi-VirtualBox kernel: [ 1247.861061] TestXYZ 
Feb  5 20:37:31 vishalrathi-VirtualBox kernel: [ 1247.861063] Test5 
Feb  5 20:37:31 vishalrathi-VirtualBox kernel: [ 1247.861066] Test3 
Feb  5 20:37:38 vishalrathi-VirtualBox kernel: [ 1254.812847] TEST0 
Feb  5 20:37:38 vishalrathi-VirtualBox kernel: [ 1254.812854] Test1 
Feb  5 20:37:43 vishalrathi-VirtualBox kernel: [ 1259.865024] TEST0 
Feb  5 20:37:43 vishalrathi-VirtualBox kernel: [ 1259.865032] Test1 
Feb  5 20:37:43 vishalrathi-VirtualBox kernel: [ 1259.865065] Test2 
Feb  5 20:37:43 vishalrathi-VirtualBox kernel: [ 1259.865067] TestXYZ 
Feb  5 20:37:43 vishalrathi-VirtualBox kernel: [ 1259.865069] BlahblahTest5 
Feb  5 20:37:43 vishalrathi-VirtualBox kernel: [ 1259.865073] Test3 
Feb  5 20:39:21 vishalrathi-VirtualBox kernel: [ 1357.121306] TEST0 
Feb  5 20:39:21 vishalrathi-VirtualBox kernel: [ 1357.121314] Test1 
Feb  5 20:39:21 vishalrathi-VirtualBox kernel: [ 1357.121317] Test2 
Feb  5 20:39:21 vishalrathi-VirtualBox kernel: [ 1357.121320] TestXYZ 
Feb  5 20:39:21 vishalrathi-VirtualBox kernel: [ 1357.121323] BlahblahTest5 
Feb  5 20:39:21 vishalrathi-VirtualBox kernel: [ 1357.121327] Test3 
Feb  5 20:43:46 vishalrathi-VirtualBox kernel: [ 1622.405029] TEST0 
Feb  5 20:43:46 vishalrathi-VirtualBox kernel: [ 1622.405037] Test1 
Feb  5 20:43:46 vishalrathi-VirtualBox kernel: [ 1622.405040] Test2 
Feb  5 20:43:46 vishalrathi-VirtualBox kernel: [ 1622.405042] TestXYZ 
Feb  5 20:43:46 vishalrathi-VirtualBox kernel: [ 1622.405045] BlahblahTest5 
Feb  5 20:43:46 vishalrathi-VirtualBox kernel: [ 1622.405049] Test3 
Feb  5 20:44:49 vishalrathi-VirtualBox kernel: [ 1665.873205] Unloaded interceptor!
Feb  5 20:44:56 vishalrathi-VirtualBox kernel: [ 1685.193026] Interceptor: Found syscall table at address: 0xC166A180TEST0 
Feb  5 20:44:56 vishalrathi-VirtualBox kernel: [ 1692.527958] Test1 
Feb  5 20:44:56 vishalrathi-VirtualBox kernel: [ 1692.527962] Test2 
Feb  5 20:44:56 vishalrathi-VirtualBox kernel: [ 1692.527965] TestXYZ 
Feb  5 20:44:56 vishalrathi-VirtualBox kernel: [ 1685.193029] Loaded interceptor!
Feb  5 20:44:56 vishalrathi-VirtualBox kernel: [ 1692.527968] BlahblahTest5 
Feb  5 20:44:56 vishalrathi-VirtualBox kernel: [ 1692.527972] Test3 
Feb  5 20:44:59 vishalrathi-VirtualBox kernel: [ 1694.976579] TEST0 
Feb  5 20:44:59 vishalrathi-VirtualBox kernel: [ 1694.976587] Test1 
Feb  5 20:44:59 vishalrathi-VirtualBox kernel: [ 1694.976590] Test2 
Feb  5 20:44:59 vishalrathi-VirtualBox kernel: [ 1694.976592] TestXYZ 
Feb  5 20:44:59 vishalrathi-VirtualBox kernel: [ 1694.976595] BlahblahTest5 
Feb  5 20:44:59 vishalrathi-VirtualBox kernel: [ 1694.976598] Test3 
Feb  5 20:45:01 vishalrathi-VirtualBox kernel: [ 1697.436682] TEST0 
Feb  5 20:45:01 vishalrathi-VirtualBox kernel: [ 1697.436690] Test1 
Feb  5 20:45:01 vishalrathi-VirtualBox kernel: [ 1697.436693] Test2 
Feb  5 20:45:01 vishalrathi-VirtualBox kernel: [ 1697.436695] TestXYZ 
Feb  5 20:45:01 vishalrathi-VirtualBox kernel: [ 1697.436698] BlahblahTest5 
Feb  5 20:45:01 vishalrathi-VirtualBox kernel: [ 1697.436702] Test3 
Feb  5 20:45:32 vishalrathi-VirtualBox kernel: [ 1728.176602] TEST0 
Feb  5 20:45:32 vishalrathi-VirtualBox kernel: [ 1728.176609] Test1 
Feb  5 20:45:32 vishalrathi-VirtualBox kernel: [ 1728.176641] Test2 
Feb  5 20:45:32 vishalrathi-VirtualBox kernel: [ 1728.176644] TestXYZ 
Feb  5 20:45:32 vishalrathi-VirtualBox kernel: [ 1728.176646] Test5 
Feb  5 20:45:32 vishalrathi-VirtualBox kernel: [ 1728.176648] Test3 
Feb  5 20:45:38 vishalrathi-VirtualBox kernel: [ 1733.880748] TEST0 
Feb  5 20:45:38 vishalrathi-VirtualBox kernel: [ 1733.880756] Test1 
Feb  5 20:45:38 vishalrathi-VirtualBox kernel: [ 1733.880787] Test2 
Feb  5 20:45:38 vishalrathi-VirtualBox kernel: [ 1733.880790] TestXYZ 
Feb  5 20:45:38 vishalrathi-VirtualBox kernel: [ 1733.880792] BlahblahTest5 
Feb  5 20:45:38 vishalrathi-VirtualBox kernel: [ 1733.880796] Test3 
Feb  5 20:45:40 vishalrathi-VirtualBox kernel: [ 1736.695925] TEST0 
Feb  5 20:45:40 vishalrathi-VirtualBox kernel: [ 1736.695932] Test1 
Feb  5 20:45:40 vishalrathi-VirtualBox kernel: [ 1736.695964] Test2 
Feb  5 20:45:40 vishalrathi-VirtualBox kernel: [ 1736.695967] TestXYZ 
Feb  5 20:45:40 vishalrathi-VirtualBox kernel: [ 1736.695969] BlahblahTest5 
Feb  5 20:45:40 vishalrathi-VirtualBox kernel: [ 1736.695973] Test3 
Feb  5 20:45:46 vishalrathi-VirtualBox kernel: [ 1742.254392] TEST0 
Feb  5 20:45:46 vishalrathi-VirtualBox kernel: [ 1742.254396] Test1 
Feb  5 20:51:40 vishalrathi-VirtualBox kernel: [ 2096.568667] usb 1-1: USB disconnect, device number 2
Feb  5 20:51:41 vishalrathi-VirtualBox NetworkManager[775]: <info> (eth0): carrier now OFF (device state 100, deferring action for 4 seconds)
Feb  5 20:51:41 vishalrathi-VirtualBox kernel: [ 2096.997550] e1000: eth0 NIC Link is Down
Feb  5 20:51:41 vishalrathi-VirtualBox kernel: [ 2097.197686] usb 1-1: new full-speed USB device number 3 using ohci-pci
Feb  5 20:51:41 vishalrathi-VirtualBox kernel: [ 2097.457870] usb 1-1: New USB device found, idVendor=80ee, idProduct=0021
Feb  5 20:51:41 vishalrathi-VirtualBox kernel: [ 2097.457879] usb 1-1: New USB device strings: Mfr=1, Product=3, SerialNumber=0
Feb  5 20:51:41 vishalrathi-VirtualBox kernel: [ 2097.457885] usb 1-1: Product: USB Tablet
Feb  5 20:51:41 vishalrathi-VirtualBox kernel: [ 2097.457889] usb 1-1: Manufacturer: VirtualBox
Feb  5 20:51:41 vishalrathi-VirtualBox kernel: [ 2097.473356] input: VirtualBox USB Tablet as /devices/pci0000:00/0000:00:06.0/usb1/1-1/1-1:1.0/input/input7
Feb  5 20:51:41 vishalrathi-VirtualBox kernel: [ 2097.475596] hid-generic 0003:80EE:0021.0002: input,hidraw0: USB HID v1.10 Mouse [VirtualBox USB Tablet] on usb-0000:00:06.0-1/input0
Feb  5 20:51:41 vishalrathi-VirtualBox mtp-probe: checking bus 1, device 3: "/sys/devices/pci0000:00/0000:00:06.0/usb1/1-1"
Feb  5 20:51:41 vishalrathi-VirtualBox mtp-probe: bus: 1, device: 3 was not an MTP device
Feb  5 20:51:45 vishalrathi-VirtualBox NetworkManager[775]: <info> (eth0): device state change: activated -> unavailable (reason 'carrier-changed') [100 20 40]
Feb  5 20:51:45 vishalrathi-VirtualBox NetworkManager[775]: <info> (eth0): deactivating device (reason 'carrier-changed') [40]
Feb  5 20:51:45 vishalrathi-VirtualBox NetworkManager[775]: <info> (eth0): canceled DHCP transaction, DHCP client pid 813
Feb  5 20:51:45 vishalrathi-VirtualBox kernel: [ 2101.622280] IPv6: ADDRCONF(NETDEV_UP): eth0: link is not ready
Feb  5 20:51:45 vishalrathi-VirtualBox avahi-daemon[765]: Withdrawing address record for fe80::a00:27ff:fe1e:bf60 on eth0.
Feb  5 20:51:45 vishalrathi-VirtualBox avahi-daemon[765]: Leaving mDNS multicast group on interface eth0.IPv6 with address fe80::a00:27ff:fe1e:bf60.
Feb  5 20:51:45 vishalrathi-VirtualBox avahi-daemon[765]: Interface eth0.IPv6 no longer relevant for mDNS.
Feb  5 20:51:45 vishalrathi-VirtualBox avahi-daemon[765]: Withdrawing address record for 10.0.2.15 on eth0.
Feb  5 20:51:45 vishalrathi-VirtualBox avahi-daemon[765]: Leaving mDNS multicast group on interface eth0.IPv4 with address 10.0.2.15.
Feb  5 20:51:45 vishalrathi-VirtualBox avahi-daemon[765]: Interface eth0.IPv4 no longer relevant for mDNS.
Feb  5 20:51:45 vishalrathi-VirtualBox NetworkManager[775]: <warn> DNS: plugin dnsmasq update failed
Feb  5 20:51:45 vishalrathi-VirtualBox NetworkManager[775]: <info> Removing DNS information from /sbin/resolvconf
Feb  5 20:51:45 vishalrathi-VirtualBox dnsmasq[1013]: setting upstream servers from DBus
Feb  5 20:51:45 vishalrathi-VirtualBox whoopsie[997]: offline
Feb  5 20:51:45 vishalrathi-VirtualBox NetworkManager[775]: <info> NetworkManager state is now DISCONNECTED
Feb  5 20:51:45 vishalrathi-VirtualBox dbus[665]: [system] Activating service name='org.freedesktop.nm_dispatcher' (using servicehelper)
Feb  5 20:51:45 vishalrathi-VirtualBox dbus[665]: [system] Successfully activated service 'org.freedesktop.nm_dispatcher'
Feb  5 20:51:47 vishalrathi-VirtualBox NetworkManager[775]: <info> (eth0): carrier now ON (device state 20)
Feb  5 20:51:47 vishalrathi-VirtualBox NetworkManager[775]: <info> (eth0): device state change: unavailable -> disconnected (reason 'carrier-changed') [20 30 40]
Feb  5 20:51:47 vishalrathi-VirtualBox NetworkManager[775]: <info> Auto-activating connection 'Wired connection 1'.
Feb  5 20:51:47 vishalrathi-VirtualBox NetworkManager[775]: <info> Activation (eth0) starting connection 'Wired connection 1'
Feb  5 20:51:47 vishalrathi-VirtualBox NetworkManager[775]: <info> (eth0): device state change: disconnected -> prepare (reason 'none') [30 40 0]
Feb  5 20:51:47 vishalrathi-VirtualBox NetworkManager[775]: <info> NetworkManager state is now CONNECTING
Feb  5 20:51:47 vishalrathi-VirtualBox NetworkManager[775]: <info> Activation (eth0) Stage 1 of 5 (Device Prepare) scheduled...
Feb  5 20:51:47 vishalrathi-VirtualBox NetworkManager[775]: <info> Activation (eth0) Stage 1 of 5 (Device Prepare) started...
Feb  5 20:51:47 vishalrathi-VirtualBox NetworkManager[775]: <info> Activation (eth0) Stage 2 of 5 (Device Configure) scheduled...
Feb  5 20:51:47 vishalrathi-VirtualBox NetworkManager[775]: <info> Activation (eth0) Stage 1 of 5 (Device Prepare) complete.
Feb  5 20:51:47 vishalrathi-VirtualBox NetworkManager[775]: <info> Activation (eth0) Stage 2 of 5 (Device Configure) starting...
Feb  5 20:51:47 vishalrathi-VirtualBox NetworkManager[775]: <info> (eth0): device state change: prepare -> config (reason 'none') [40 50 0]
Feb  5 20:51:47 vishalrathi-VirtualBox kernel: [ 2102.997641] e1000: eth0 NIC Link is Up 1000 Mbps Full Duplex, Flow Control: RX
Feb  5 20:51:47 vishalrathi-VirtualBox kernel: [ 2102.997952] IPv6: ADDRCONF(NETDEV_CHANGE): eth0: link becomes ready
Feb  5 20:51:47 vishalrathi-VirtualBox NetworkManager[775]: <info> Activation (eth0) Stage 2 of 5 (Device Configure) successful.
Feb  5 20:51:47 vishalrathi-VirtualBox NetworkManager[775]: <info> Activation (eth0) Stage 3 of 5 (IP Configure Start) scheduled.
Feb  5 20:51:47 vishalrathi-VirtualBox NetworkManager[775]: <info> Activation (eth0) Stage 2 of 5 (Device Configure) complete.
